#
# There is insufficient memory for the Java Runtime Environment to continue.
# Native memory allocation (malloc) failed to allocate 1917888 bytes for Chunk::new
# Possible reasons:
#   The system is out of physical RAM or swap space
#   The process is running with CompressedOops enabled, and the Java Heap may be blocking the growth of the native heap
# Possible solutions:
#   Reduce memory load on the system
#   Increase physical memory or swap space
#   Check if swap backing store is full
#   Decrease Java heap size (-Xmx/-Xms)
#   Decrease number of Java threads
#   Decrease Java thread stack sizes (-Xss)
#   Set larger code cache with -XX:ReservedCodeCacheSize=
#   JVM is running with Unscaled Compressed Oops mode in which the Java heap is
#     placed in the first 4GB address space. The Java Heap base address is the
#     maximum limit for the native heap growth. Please use -XX:HeapBaseMinAddress
#     to set the Java Heap base and to place the Java Heap above 4GB virtual address.
# This output file may be truncated or incomplete.
#
#  Out of Memory Error (arena.cpp:189), pid=21104, tid=6744
#
# JRE version: Java(TM) SE Runtime Environment (17.0.12+8) (build 17.0.12+8-LTS-286)
# Java VM: Java HotSpot(TM) 64-Bit Server VM (17.0.12+8-LTS-286, mixed mode, sharing, tiered, compressed oops, compressed class ptrs, g1 gc, windows-amd64)
# No core dump will be written. Minidumps are not enabled by default on client versions of Windows
#

---------------  S U M M A R Y ------------

Command Line: --add-opens=java.base/java.lang=ALL-UNNAMED --add-opens=java.base/java.lang.invoke=ALL-UNNAMED --add-opens=java.base/java.util=ALL-UNNAMED --add-opens=java.prefs/java.util.prefs=ALL-UNNAMED --add-exports=jdk.compiler/com.sun.tools.javac.api=ALL-UNNAMED --add-exports=jdk.compiler/com.sun.tools.javac.util=ALL-UNNAMED --add-opens=java.base/java.util=ALL-UNNAMED --add-opens=java.prefs/java.util.prefs=ALL-UNNAMED --add-opens=java.base/java.nio.charset=ALL-UNNAMED --add-opens=java.base/java.net=ALL-UNNAMED --add-opens=java.base/java.util.concurrent.atomic=ALL-UNNAMED --add-opens=java.xml/javax.xml.namespace=ALL-UNNAMED -XX:MaxMetaspaceSize=512m -Xmx2048m -Dfile.encoding=UTF-8 -Duser.country=IN -Duser.language=en -Duser.variant -javaagent:C:\Users\Admin\.gradle\wrapper\dists\gradle-8.11.1-all\2qik7nd48slq1ooc2496ixf4i\gradle-8.11.1\lib\agents\gradle-instrumentation-agent-8.11.1.jar org.gradle.launcher.daemon.bootstrap.GradleDaemon 8.11.1

Host: 11th Gen Intel(R) Core(TM) i5-1135G7 @ 2.40GHz, 8 cores, 15G,  Windows 11 , 64 bit Build 26100 (10.0.26100.7019)
Time: Fri Nov  7 12:53:35 2025 India Standard Time elapsed time: 19.622838 seconds (0d 0h 0m 19s)

---------------  T H R E A D  ---------------

Current thread (0x00000178feaecb30):  JavaThread "C2 CompilerThread1" daemon [_thread_in_native, id=6744, stack(0x0000001def800000,0x0000001def900000)]


Current CompileTask:
C2:  19623 10088       4       java.beans.MethodRef::set (58 bytes)

Stack: [0x0000001def800000,0x0000001def900000]
Native frames: (J=compiled Java code, j=interpreted, Vv=VM code, C=native code)
V  [jvm.dll+0x67a04a]
V  [jvm.dll+0x7da4ed]
V  [jvm.dll+0x7dbe33]
V  [jvm.dll+0x7dc4a3]
V  [jvm.dll+0x24508f]
V  [jvm.dll+0xab773]
V  [jvm.dll+0xabd3c]
V  [jvm.dll+0x361bee]
V  [jvm.dll+0x1ba45a]
V  [jvm.dll+0x216997]
V  [jvm.dll+0x215c6f]
V  [jvm.dll+0x1a2960]
V  [jvm.dll+0x22610b]
V  [jvm.dll+0x2242ab]
V  [jvm.dll+0x79075c]
V  [jvm.dll+0x78abea]
V  [jvm.dll+0x678f35]
C  [ucrtbase.dll+0x37b0]
C  [KERNEL32.DLL+0x2e8d7]
C  [ntdll.dll+0x8c53c]


---------------  P R O C E S S  ---------------

Threads class SMR info:
_java_thread_list=0x00000178aa16cea0, length=72, elements={
0x00000178ea9b7980, 0x00000178f9bf9c40, 0x00000178f9bfcb30, 0x00000178f9c0f6e0,
0x00000178f9c0ffb0, 0x00000178f9c10880, 0x00000178f9c12160, 0x00000178f9c12d60,
0x00000178f9c13670, 0x00000178f9c13f80, 0x00000178f9be6cd0, 0x00000178fe1a3460,
0x00000178feaecb30, 0x00000178aa7f3d90, 0x00000178aa7f42a0, 0x00000178aa7f2950,
0x00000178aa7f2e60, 0x00000178aa7f3880, 0x00000178aac2d070, 0x00000178aac2d580,
0x00000178aac31240, 0x00000178aac30d30, 0x00000178aac30820, 0x00000178aac2f3e0,
0x00000178aac31750, 0x00000178aac2dfa0, 0x00000178aac2fe00, 0x00000178aac2eed0,
0x00000178aac30310, 0x00000178aac31c60, 0x00000178aac2e4b0, 0x00000178aac32170,
0x00000178aac2e9c0, 0x00000178aac2f8f0, 0x00000178aac335b0, 0x00000178aac32680,
0x00000178aac33ac0, 0x00000178aac33fd0, 0x00000178aac344e0, 0x00000178ff3573d0,
0x00000178ff3578e0, 0x00000178ff358d20, 0x00000178ff355570, 0x00000178ff357df0,
0x00000178ff358300, 0x00000178ff359230, 0x00000178ff358810, 0x00000178ff355a80,
0x00000178ff355f90, 0x00000178ff359740, 0x00000178ff359c50, 0x00000178ff3564a0,
0x00000178ff35a160, 0x00000178ff3569b0, 0x00000178ff35a670, 0x00000178ff35b090,
0x00000178ff35c4d0, 0x00000178ff35bab0, 0x00000178ff35bfc0, 0x00000178ff35c9e0,
0x00000178ff35ab80, 0x00000178ff35b5a0, 0x00000178ab0fa7e0, 0x00000178ab0facf0,
0x00000178ac97f3e0, 0x00000178ab0f93a0, 0x00000178ad2acc00, 0x00000178ad2abcd0,
0x00000178ad2a9e70, 0x00000178ad2aada0, 0x00000178ad2aa380, 0x00000178ad2aa890
}

Java Threads: ( => current thread )
  0x00000178ea9b7980 JavaThread "main" [_thread_blocked, id=20232, stack(0x0000001dee500000,0x0000001dee600000)]
  0x00000178f9bf9c40 JavaThread "Reference Handler" daemon [_thread_blocked, id=19916, stack(0x0000001deec00000,0x0000001deed00000)]
  0x00000178f9bfcb30 JavaThread "Finalizer" daemon [_thread_blocked, id=23872, stack(0x0000001deed00000,0x0000001deee00000)]
  0x00000178f9c0f6e0 JavaThread "Signal Dispatcher" daemon [_thread_blocked, id=9124, stack(0x0000001deee00000,0x0000001deef00000)]
  0x00000178f9c0ffb0 JavaThread "Attach Listener" daemon [_thread_blocked, id=19776, stack(0x0000001deef00000,0x0000001def000000)]
  0x00000178f9c10880 JavaThread "Service Thread" daemon [_thread_blocked, id=21132, stack(0x0000001def000000,0x0000001def100000)]
  0x00000178f9c12160 JavaThread "Monitor Deflation Thread" daemon [_thread_blocked, id=18492, stack(0x0000001def100000,0x0000001def200000)]
  0x00000178f9c12d60 JavaThread "C2 CompilerThread0" daemon [_thread_in_native, id=19232, stack(0x0000001def200000,0x0000001def300000)]
  0x00000178f9c13670 JavaThread "C1 CompilerThread0" daemon [_thread_blocked, id=17724, stack(0x0000001def300000,0x0000001def400000)]
  0x00000178f9c13f80 JavaThread "Sweeper thread" daemon [_thread_blocked, id=3420, stack(0x0000001def400000,0x0000001def500000)]
  0x00000178f9be6cd0 JavaThread "Common-Cleaner" daemon [_thread_blocked, id=9128, stack(0x0000001def500000,0x0000001def600000)]
  0x00000178fe1a3460 JavaThread "Notification Thread" daemon [_thread_blocked, id=18504, stack(0x0000001def600000,0x0000001def700000)]
=>0x00000178feaecb30 JavaThread "C2 CompilerThread1" daemon [_thread_in_native, id=6744, stack(0x0000001def800000,0x0000001def900000)]
  0x00000178aa7f3d90 JavaThread "Daemon health stats" [_thread_blocked, id=832, stack(0x0000001def900000,0x0000001defa00000)]
  0x00000178aa7f42a0 JavaThread "Incoming local TCP Connector on port 10804" [_thread_in_native, id=3060, stack(0x0000001deff00000,0x0000001df0000000)]
  0x00000178aa7f2950 JavaThread "Daemon periodic checks" [_thread_blocked, id=24324, stack(0x0000001df0000000,0x0000001df0100000)]
  0x00000178aa7f2e60 JavaThread "Daemon" [_thread_blocked, id=9824, stack(0x0000001df0100000,0x0000001df0200000)]
  0x00000178aa7f3880 JavaThread "Handler for socket connection from /127.0.0.1:10804 to /127.0.0.1:10805" [_thread_in_native, id=7308, stack(0x0000001df0200000,0x0000001df0300000)]
  0x00000178aac2d070 JavaThread "Cancel handler" [_thread_blocked, id=24420, stack(0x0000001df0300000,0x0000001df0400000)]
  0x00000178aac2d580 JavaThread "Daemon worker" [_thread_in_vm, id=13120, stack(0x0000001df0400000,0x0000001df0500000)]
  0x00000178aac31240 JavaThread "Asynchronous log dispatcher for DefaultDaemonConnection: socket connection from /127.0.0.1:10804 to /127.0.0.1:10805" [_thread_blocked, id=21584, stack(0x0000001df0500000,0x0000001df0600000)]
  0x00000178aac30d30 JavaThread "Stdin handler" [_thread_blocked, id=2948, stack(0x0000001df0600000,0x0000001df0700000)]
  0x00000178aac30820 JavaThread "Daemon client event forwarder" [_thread_blocked, id=22724, stack(0x0000001df0700000,0x0000001df0800000)]
  0x00000178aac2f3e0 JavaThread "Cache worker for journal cache (C:\Users\Admin\.gradle\caches\journal-1)" [_thread_blocked, id=10672, stack(0x0000001df0800000,0x0000001df0900000)]
  0x00000178aac31750 JavaThread "File lock request listener" [_thread_in_native, id=5408, stack(0x0000001df0900000,0x0000001df0a00000)]
  0x00000178aac2dfa0 JavaThread "Cache worker for file hash cache (C:\Users\Admin\.gradle\caches\8.11.1\fileHashes)" [_thread_blocked, id=3412, stack(0x0000001df0a00000,0x0000001df0b00000)]
  0x00000178aac2fe00 JavaThread "Cache worker for file content cache (C:\Users\Admin\.gradle\caches\8.11.1\fileContent)" [_thread_blocked, id=21460, stack(0x0000001df0b00000,0x0000001df0c00000)]
  0x00000178aac2eed0 JavaThread "Cache worker for file hash cache (D:\AttendMate\android\.gradle\8.11.1\fileHashes)" [_thread_blocked, id=8464, stack(0x0000001df0c00000,0x0000001df0d00000)]
  0x00000178aac30310 JavaThread "Cache worker for Build Output Cleanup Cache (D:\AttendMate\android\.gradle\buildOutputCleanup)" [_thread_blocked, id=12680, stack(0x0000001df0d00000,0x0000001df0e00000)]
  0x00000178aac31c60 JavaThread "File watcher server" daemon [_thread_in_native, id=20324, stack(0x0000001df1100000,0x0000001df1200000)]
  0x00000178aac2e4b0 JavaThread "File watcher consumer" daemon [_thread_blocked, id=12084, stack(0x0000001df1200000,0x0000001df1300000)]
  0x00000178aac32170 JavaThread "Cache worker for checksums cache (D:\AttendMate\android\.gradle\8.11.1\checksums)" [_thread_blocked, id=7900, stack(0x0000001df1300000,0x0000001df1400000)]
  0x00000178aac2e9c0 JavaThread "Cache worker for cache directory md-rule (C:\Users\Admin\.gradle\caches\8.11.1\md-rule)" [_thread_blocked, id=18600, stack(0x0000001df1400000,0x0000001df1500000)]
  0x00000178aac2f8f0 JavaThread "Cache worker for cache directory md-supplier (C:\Users\Admin\.gradle\caches\8.11.1\md-supplier)" [_thread_blocked, id=10656, stack(0x0000001df1500000,0x0000001df1600000)]
  0x00000178aac335b0 JavaThread "jar transforms" [_thread_blocked, id=24012, stack(0x0000001df1600000,0x0000001df1700000)]
  0x00000178aac32680 JavaThread "jar transforms Thread 2" [_thread_blocked, id=11448, stack(0x0000001df1700000,0x0000001df1800000)]
  0x00000178aac33ac0 JavaThread "jar transforms Thread 3" [_thread_blocked, id=7792, stack(0x0000001df1800000,0x0000001df1900000)]
  0x00000178aac33fd0 JavaThread "jar transforms Thread 4" [_thread_blocked, id=10840, stack(0x0000001df1900000,0x0000001df1a00000)]
  0x00000178aac344e0 JavaThread "jar transforms Thread 5" [_thread_blocked, id=15160, stack(0x0000001df1a00000,0x0000001df1b00000)]
  0x00000178ff3573d0 JavaThread "jar transforms Thread 6" [_thread_blocked, id=10524, stack(0x0000001df1b00000,0x0000001df1c00000)]
  0x00000178ff3578e0 JavaThread "jar transforms Thread 7" [_thread_blocked, id=23868, stack(0x0000001df1d00000,0x0000001df1e00000)]
  0x00000178ff358d20 JavaThread "Unconstrained build operations" [_thread_blocked, id=8536, stack(0x0000001df1e00000,0x0000001df1f00000)]
  0x00000178ff355570 JavaThread "Unconstrained build operations Thread 2" [_thread_blocked, id=6896, stack(0x0000001df1f00000,0x0000001df2000000)]
  0x00000178ff357df0 JavaThread "Unconstrained build operations Thread 3" [_thread_blocked, id=17544, stack(0x0000001df2000000,0x0000001df2100000)]
  0x00000178ff358300 JavaThread "Unconstrained build operations Thread 4" [_thread_blocked, id=18652, stack(0x0000001df2100000,0x0000001df2200000)]
  0x00000178ff359230 JavaThread "Unconstrained build operations Thread 5" [_thread_blocked, id=16536, stack(0x0000001df2200000,0x0000001df2300000)]
  0x00000178ff358810 JavaThread "Unconstrained build operations Thread 6" [_thread_blocked, id=23248, stack(0x0000001df2300000,0x0000001df2400000)]
  0x00000178ff355a80 JavaThread "Unconstrained build operations Thread 7" [_thread_blocked, id=10564, stack(0x0000001df2400000,0x0000001df2500000)]
  0x00000178ff355f90 JavaThread "Unconstrained build operations Thread 8" [_thread_blocked, id=20388, stack(0x0000001df2500000,0x0000001df2600000)]
  0x00000178ff359740 JavaThread "Unconstrained build operations Thread 9" [_thread_blocked, id=22564, stack(0x0000001df2600000,0x0000001df2700000)]
  0x00000178ff359c50 JavaThread "Unconstrained build operations Thread 10" [_thread_blocked, id=7736, stack(0x0000001df2700000,0x0000001df2800000)]
  0x00000178ff3564a0 JavaThread "Unconstrained build operations Thread 11" [_thread_blocked, id=16688, stack(0x0000001df2800000,0x0000001df2900000)]
  0x00000178ff35a160 JavaThread "Unconstrained build operations Thread 12" [_thread_blocked, id=5368, stack(0x0000001df2900000,0x0000001df2a00000)]
  0x00000178ff3569b0 JavaThread "Unconstrained build operations Thread 13" [_thread_blocked, id=17740, stack(0x0000001df2a00000,0x0000001df2b00000)]
  0x00000178ff35a670 JavaThread "Unconstrained build operations Thread 14" [_thread_blocked, id=5988, stack(0x0000001df2b00000,0x0000001df2c00000)]
  0x00000178ff35b090 JavaThread "Unconstrained build operations Thread 15" [_thread_blocked, id=23960, stack(0x0000001df2c00000,0x0000001df2d00000)]
  0x00000178ff35c4d0 JavaThread "Unconstrained build operations Thread 16" [_thread_blocked, id=20864, stack(0x0000001df2d00000,0x0000001df2e00000)]
  0x00000178ff35bab0 JavaThread "Unconstrained build operations Thread 17" [_thread_blocked, id=16904, stack(0x0000001df2e00000,0x0000001df2f00000)]
  0x00000178ff35bfc0 JavaThread "Unconstrained build operations Thread 18" [_thread_blocked, id=20328, stack(0x0000001df2f00000,0x0000001df3000000)]
  0x00000178ff35c9e0 JavaThread "Unconstrained build operations Thread 19" [_thread_blocked, id=14376, stack(0x0000001df3000000,0x0000001df3100000)]
  0x00000178ff35ab80 JavaThread "Unconstrained build operations Thread 20" [_thread_blocked, id=4616, stack(0x0000001df3100000,0x0000001df3200000)]
  0x00000178ff35b5a0 JavaThread "Unconstrained build operations Thread 21" [_thread_blocked, id=2596, stack(0x0000001df3200000,0x0000001df3300000)]
  0x00000178ab0fa7e0 JavaThread "jar transforms Thread 8" [_thread_blocked, id=12552, stack(0x0000001df3300000,0x0000001df3400000)]
  0x00000178ab0facf0 JavaThread "Memory manager" [_thread_blocked, id=4904, stack(0x0000001df1c00000,0x0000001df1d00000)]
  0x00000178ac97f3e0 JavaThread "C2 CompilerThread2" daemon [_thread_in_native, id=1988, stack(0x0000001df3400000,0x0000001df3500000)]
  0x00000178ab0f93a0 JavaThread "Unconstrained build operations Thread 22" [_thread_blocked, id=9620, stack(0x0000001df3500000,0x0000001df3600000)]
  0x00000178ad2acc00 JavaThread "Unconstrained build operations Thread 23" [_thread_blocked, id=21972, stack(0x0000001df3600000,0x0000001df3700000)]
  0x00000178ad2abcd0 JavaThread "Unconstrained build operations Thread 24" [_thread_blocked, id=12556, stack(0x0000001df3700000,0x0000001df3800000)]
  0x00000178ad2a9e70 JavaThread "Unconstrained build operations Thread 25" [_thread_blocked, id=2652, stack(0x0000001df3800000,0x0000001df3900000)]
  0x00000178ad2aada0 JavaThread "Unconstrained build operations Thread 26" [_thread_blocked, id=19324, stack(0x0000001df3900000,0x0000001df3a00000)]
  0x00000178ad2aa380 JavaThread "Unconstrained build operations Thread 27" [_thread_blocked, id=22780, stack(0x0000001df3a00000,0x0000001df3b00000)]
  0x00000178ad2aa890 JavaThread "Unconstrained build operations Thread 28" [_thread_blocked, id=9952, stack(0x0000001df3b00000,0x0000001df3c00000)]

Other Threads:
  0x00000178f9bf4e10 VMThread "VM Thread" [stack: 0x0000001deeb00000,0x0000001deec00000] [id=2960]
  0x00000178ea9b84b0 WatcherThread [stack: 0x0000001def700000,0x0000001def800000] [id=22068]
  0x00000178eaa15470 GCTaskThread "GC Thread#0" [stack: 0x0000001dee600000,0x0000001dee700000] [id=16428]
  0x00000178fe6b78f0 GCTaskThread "GC Thread#1" [stack: 0x0000001defa00000,0x0000001defb00000] [id=16124]
  0x00000178fe9c6630 GCTaskThread "GC Thread#2" [stack: 0x0000001defb00000,0x0000001defc00000] [id=7372]
  0x00000178fe612b00 GCTaskThread "GC Thread#3" [stack: 0x0000001defc00000,0x0000001defd00000] [id=4956]
  0x00000178fe612dc0 GCTaskThread "GC Thread#4" [stack: 0x0000001defd00000,0x0000001defe00000] [id=1548]
  0x00000178fe6497b0 GCTaskThread "GC Thread#5" [stack: 0x0000001defe00000,0x0000001deff00000] [id=23776]
  0x00000178ab7f6960 GCTaskThread "GC Thread#6" [stack: 0x0000001df0e00000,0x0000001df0f00000] [id=18792]
  0x00000178ab834cf0 GCTaskThread "GC Thread#7" [stack: 0x0000001df0f00000,0x0000001df1000000] [id=20292]
  0x00000178eaa26fa0 ConcurrentGCThread "G1 Main Marker" [stack: 0x0000001dee700000,0x0000001dee800000] [id=5508]
  0x00000178eaa278c0 ConcurrentGCThread "G1 Conc#0" [stack: 0x0000001dee800000,0x0000001dee900000] [id=1820]
  0x00000178aba322c0 ConcurrentGCThread "G1 Conc#1" [stack: 0x0000001df1000000,0x0000001df1100000] [id=18964]
  0x00000178eaa7eba0 ConcurrentGCThread "G1 Refine#0" [stack: 0x0000001dee900000,0x0000001deea00000] [id=15916]
  0x00000178f9aa66e0 ConcurrentGCThread "G1 Service" [stack: 0x0000001deea00000,0x0000001deeb00000] [id=2536]

Threads with active compile tasks:
C2 CompilerThread0    19656 10096       4       java.beans.Introspector::addMethod (196 bytes)
C2 CompilerThread1    19656 10088       4       java.beans.MethodRef::set (58 bytes)
C2 CompilerThread2    19656 10104       4       org.gradle.internal.instantiation.generator.AbstractClassGenerator::inspectType (560 bytes)

VM state: not at safepoint (normal execution)

VM Mutex/Monitor currently owned by a thread:  ([mutex/lock_event])
[0x00000178ea9b2260] Module_lock - owner thread: 0x0000000000000000

Heap address: 0x0000000080000000, size: 2048 MB, Compressed Oops mode: 32-bit

CDS archive(s) mapped at: [0x000001788f000000-0x000001788fbd0000-0x000001788fbd0000), size 12386304, SharedBaseAddress: 0x000001788f000000, ArchiveRelocationMode: 1.
Compressed class space mapped at: 0x0000017890000000-0x00000178aa000000, reserved size: 436207616
Narrow klass base: 0x000001788f000000, Narrow klass shift: 0, Narrow klass range: 0x100000000

GC Precious Log:
 CPUs: 8 total, 8 available
 Memory: 16118M
 Large Page Support: Disabled
 NUMA Support: Disabled
 Compressed Oops: Enabled (32-bit)
 Heap Region Size: 1M
 Heap Min Capacity: 8M
 Heap Initial Capacity: 252M
 Heap Max Capacity: 2G
 Pre-touch: Disabled
 Parallel Workers: 8
 Concurrent Workers: 2
 Concurrent Refinement Workers: 8
 Periodic GC: Disabled

Heap:
 garbage-first heap   total 226304K, used 157373K [0x0000000080000000, 0x0000000100000000)
  region size 1024K, 85 young (87040K), 6 survivors (6144K)
 Metaspace       used 72872K, committed 73664K, reserved 491520K
  class space    used 10019K, committed 10368K, reserved 425984K

Heap Regions: E=young(eden), S=young(survivor), O=old, HS=humongous(starts), HC=humongous(continues), CS=collection set, F=free, OA=open archive, CA=closed archive, TAMS=top-at-mark-start (previous, next)
|   0|0x0000000080000000, 0x0000000080100000, 0x0000000080100000|100%| O|  |TAMS 0x0000000080100000, 0x0000000080000000| Untracked 
|   1|0x0000000080100000, 0x0000000080200000, 0x0000000080200000|100%|HS|  |TAMS 0x0000000080200000, 0x0000000080100000| Complete 
|   2|0x0000000080200000, 0x0000000080300000, 0x0000000080300000|100%|HC|  |TAMS 0x0000000080300000, 0x0000000080200000| Complete 
|   3|0x0000000080300000, 0x0000000080400000, 0x0000000080400000|100%|HC|  |TAMS 0x0000000080400000, 0x0000000080300000| Complete 
|   4|0x0000000080400000, 0x0000000080500000, 0x0000000080500000|100%| O|  |TAMS 0x0000000080500000, 0x0000000080400000| Untracked 
|   5|0x0000000080500000, 0x0000000080600000, 0x0000000080600000|100%| O|  |TAMS 0x0000000080500000, 0x0000000080500000| Untracked 
|   6|0x0000000080600000, 0x0000000080700000, 0x0000000080700000|100%| O|  |TAMS 0x0000000080700000, 0x0000000080600000| Untracked 
|   7|0x0000000080700000, 0x0000000080800000, 0x0000000080800000|100%| O|  |TAMS 0x0000000080800000, 0x0000000080700000| Untracked 
|   8|0x0000000080800000, 0x0000000080900000, 0x0000000080900000|100%|HS|  |TAMS 0x0000000080900000, 0x0000000080800000| Complete 
|   9|0x0000000080900000, 0x0000000080a00000, 0x0000000080a00000|100%| O|  |TAMS 0x0000000080a00000, 0x0000000080900000| Untracked 
|  10|0x0000000080a00000, 0x0000000080b00000, 0x0000000080b00000|100%| O|  |TAMS 0x0000000080b00000, 0x0000000080a00000| Untracked 
|  11|0x0000000080b00000, 0x0000000080c00000, 0x0000000080c00000|100%| O|  |TAMS 0x0000000080c00000, 0x0000000080b00000| Untracked 
|  12|0x0000000080c00000, 0x0000000080d00000, 0x0000000080d00000|100%| O|  |TAMS 0x0000000080d00000, 0x0000000080c00000| Untracked 
|  13|0x0000000080d00000, 0x0000000080e00000, 0x0000000080e00000|100%|HS|  |TAMS 0x0000000080e00000, 0x0000000080d00000| Complete 
|  14|0x0000000080e00000, 0x0000000080f00000, 0x0000000080f00000|100%| O|  |TAMS 0x0000000080f00000, 0x0000000080e00000| Untracked 
|  15|0x0000000080f00000, 0x0000000081000000, 0x0000000081000000|100%| O|  |TAMS 0x0000000081000000, 0x0000000080f00000| Untracked 
|  16|0x0000000081000000, 0x0000000081100000, 0x0000000081100000|100%| O|  |TAMS 0x0000000081100000, 0x0000000081000000| Untracked 
|  17|0x0000000081100000, 0x0000000081200000, 0x0000000081200000|100%| O|  |TAMS 0x0000000081200000, 0x0000000081100000| Untracked 
|  18|0x0000000081200000, 0x0000000081300000, 0x0000000081300000|100%| O|  |TAMS 0x0000000081300000, 0x0000000081200000| Untracked 
|  19|0x0000000081300000, 0x0000000081400000, 0x0000000081400000|100%| O|  |TAMS 0x0000000081400000, 0x0000000081300000| Untracked 
|  20|0x0000000081400000, 0x0000000081500000, 0x0000000081500000|100%| O|  |TAMS 0x0000000081500000, 0x0000000081400000| Untracked 
|  21|0x0000000081500000, 0x0000000081600000, 0x0000000081600000|100%| O|  |TAMS 0x0000000081600000, 0x0000000081500000| Untracked 
|  22|0x0000000081600000, 0x0000000081700000, 0x0000000081700000|100%| O|  |TAMS 0x0000000081700000, 0x0000000081600000| Untracked 
|  23|0x0000000081700000, 0x0000000081800000, 0x0000000081800000|100%| O|  |TAMS 0x0000000081800000, 0x0000000081700000| Untracked 
|  24|0x0000000081800000, 0x0000000081900000, 0x0000000081900000|100%| O|  |TAMS 0x0000000081900000, 0x0000000081800000| Untracked 
|  25|0x0000000081900000, 0x0000000081a00000, 0x0000000081a00000|100%| O|  |TAMS 0x0000000081a00000, 0x0000000081900000| Untracked 
|  26|0x0000000081a00000, 0x0000000081b00000, 0x0000000081b00000|100%| O|  |TAMS 0x0000000081b00000, 0x0000000081a00000| Untracked 
|  27|0x0000000081b00000, 0x0000000081c00000, 0x0000000081c00000|100%| O|  |TAMS 0x0000000081c00000, 0x0000000081b00000| Untracked 
|  28|0x0000000081c00000, 0x0000000081d00000, 0x0000000081d00000|100%| O|  |TAMS 0x0000000081d00000, 0x0000000081c00000| Untracked 
|  29|0x0000000081d00000, 0x0000000081e00000, 0x0000000081e00000|100%| O|  |TAMS 0x0000000081e00000, 0x0000000081d00000| Untracked 
|  30|0x0000000081e00000, 0x0000000081f00000, 0x0000000081f00000|100%| O|  |TAMS 0x0000000081f00000, 0x0000000081e00000| Untracked 
|  31|0x0000000081f00000, 0x0000000082000000, 0x0000000082000000|100%| O|  |TAMS 0x0000000082000000, 0x0000000081f00000| Untracked 
|  32|0x0000000082000000, 0x0000000082100000, 0x0000000082100000|100%| O|  |TAMS 0x0000000082100000, 0x0000000082000000| Untracked 
|  33|0x0000000082100000, 0x0000000082200000, 0x0000000082200000|100%| O|  |TAMS 0x0000000082200000, 0x0000000082100000| Untracked 
|  34|0x0000000082200000, 0x0000000082300000, 0x0000000082300000|100%| O|  |TAMS 0x0000000082300000, 0x0000000082200000| Untracked 
|  35|0x0000000082300000, 0x0000000082400000, 0x0000000082400000|100%| O|  |TAMS 0x0000000082400000, 0x0000000082300000| Untracked 
|  36|0x0000000082400000, 0x0000000082500000, 0x0000000082500000|100%| O|  |TAMS 0x0000000082500000, 0x0000000082400000| Untracked 
|  37|0x0000000082500000, 0x0000000082600000, 0x0000000082600000|100%| O|  |TAMS 0x0000000082600000, 0x0000000082500000| Untracked 
|  38|0x0000000082600000, 0x0000000082700000, 0x0000000082700000|100%| O|  |TAMS 0x0000000082700000, 0x0000000082600000| Untracked 
|  39|0x0000000082700000, 0x0000000082800000, 0x0000000082800000|100%| O|  |TAMS 0x0000000082800000, 0x0000000082700000| Untracked 
|  40|0x0000000082800000, 0x0000000082900000, 0x0000000082900000|100%| O|  |TAMS 0x0000000082900000, 0x0000000082800000| Untracked 
|  41|0x0000000082900000, 0x0000000082a00000, 0x0000000082a00000|100%| O|  |TAMS 0x0000000082a00000, 0x0000000082900000| Untracked 
|  42|0x0000000082a00000, 0x0000000082b00000, 0x0000000082b00000|100%| O|  |TAMS 0x0000000082b00000, 0x0000000082a00000| Untracked 
|  43|0x0000000082b00000, 0x0000000082c00000, 0x0000000082c00000|100%| O|  |TAMS 0x0000000082c00000, 0x0000000082b00000| Untracked 
|  44|0x0000000082c00000, 0x0000000082d00000, 0x0000000082d00000|100%|HS|  |TAMS 0x0000000082d00000, 0x0000000082c00000| Complete 
|  45|0x0000000082d00000, 0x0000000082e00000, 0x0000000082e00000|100%|HS|  |TAMS 0x0000000082e00000, 0x0000000082d00000| Complete 
|  46|0x0000000082e00000, 0x0000000082f00000, 0x0000000082f00000|100%|HS|  |TAMS 0x0000000082f00000, 0x0000000082e00000| Complete 
|  47|0x0000000082f00000, 0x0000000083000000, 0x0000000083000000|100%|HS|  |TAMS 0x0000000083000000, 0x0000000082f00000| Complete 
|  48|0x0000000083000000, 0x0000000083100000, 0x0000000083100000|100%| O|  |TAMS 0x0000000083100000, 0x0000000083000000| Untracked 
|  49|0x0000000083100000, 0x0000000083200000, 0x0000000083200000|100%|HS|  |TAMS 0x0000000083200000, 0x0000000083100000| Complete 
|  50|0x0000000083200000, 0x0000000083300000, 0x0000000083300000|100%| O|  |TAMS 0x0000000083300000, 0x0000000083200000| Untracked 
|  51|0x0000000083300000, 0x0000000083400000, 0x0000000083400000|100%| O|  |TAMS 0x0000000083400000, 0x0000000083300000| Untracked 
|  52|0x0000000083400000, 0x0000000083500000, 0x0000000083500000|100%| O|  |TAMS 0x0000000083500000, 0x0000000083400000| Untracked 
|  53|0x0000000083500000, 0x0000000083600000, 0x0000000083600000|100%| O|  |TAMS 0x0000000083600000, 0x0000000083500000| Untracked 
|  54|0x0000000083600000, 0x0000000083700000, 0x0000000083700000|100%| O|  |TAMS 0x0000000083700000, 0x0000000083600000| Untracked 
|  55|0x0000000083700000, 0x0000000083800000, 0x0000000083800000|100%| O|  |TAMS 0x0000000083800000, 0x0000000083700000| Untracked 
|  56|0x0000000083800000, 0x0000000083900000, 0x0000000083900000|100%| O|  |TAMS 0x0000000083900000, 0x0000000083800000| Untracked 
|  57|0x0000000083900000, 0x0000000083a00000, 0x0000000083a00000|100%| O|  |TAMS 0x0000000083a00000, 0x0000000083900000| Untracked 
|  58|0x0000000083a00000, 0x0000000083b00000, 0x0000000083b00000|100%| O|  |TAMS 0x0000000083b00000, 0x0000000083a00000| Untracked 
|  59|0x0000000083b00000, 0x0000000083c00000, 0x0000000083c00000|100%| O|  |TAMS 0x0000000083c00000, 0x0000000083b00000| Untracked 
|  60|0x0000000083c00000, 0x0000000083d00000, 0x0000000083d00000|100%| O|  |TAMS 0x0000000083d00000, 0x0000000083c00000| Untracked 
|  61|0x0000000083d00000, 0x0000000083e00000, 0x0000000083e00000|100%| O|  |TAMS 0x0000000083e00000, 0x0000000083d00000| Untracked 
|  62|0x0000000083e00000, 0x0000000083f00000, 0x0000000083f00000|100%| O|  |TAMS 0x0000000083f00000, 0x0000000083e00000| Untracked 
|  63|0x0000000083f00000, 0x0000000084000000, 0x0000000084000000|100%|HS|  |TAMS 0x0000000084000000, 0x0000000083f00000| Complete 
|  64|0x0000000084000000, 0x0000000084100000, 0x0000000084100000|100%| O|  |TAMS 0x0000000084100000, 0x0000000084000000| Untracked 
|  65|0x0000000084100000, 0x0000000084200000, 0x0000000084200000|100%| O|  |TAMS 0x0000000084200000, 0x0000000084100000| Untracked 
|  66|0x0000000084200000, 0x0000000084300000, 0x0000000084300000|100%| O|  |TAMS 0x000000008424f200, 0x0000000084200000| Untracked 
|  67|0x0000000084300000, 0x0000000084400000, 0x0000000084400000|100%| O|  |TAMS 0x0000000084300000, 0x0000000084300000| Untracked 
|  68|0x0000000084400000, 0x0000000084500000, 0x0000000084500000|100%| O|  |TAMS 0x0000000084400000, 0x0000000084400000| Untracked 
|  69|0x0000000084500000, 0x0000000084600000, 0x0000000084600000|100%| O|  |TAMS 0x0000000084500000, 0x0000000084500000| Untracked 
|  70|0x0000000084600000, 0x000000008462d400, 0x0000000084700000| 17%| O|  |TAMS 0x0000000084600000, 0x0000000084600000| Untracked 
|  71|0x0000000084700000, 0x0000000084800000, 0x0000000084800000|100%|HS|  |TAMS 0x0000000084700000, 0x0000000084700000| Complete 
|  72|0x0000000084800000, 0x0000000084800000, 0x0000000084900000|  0%| F|  |TAMS 0x0000000084800000, 0x0000000084800000| Untracked 
|  73|0x0000000084900000, 0x0000000084900000, 0x0000000084a00000|  0%| F|  |TAMS 0x0000000084900000, 0x0000000084900000| Untracked 
|  74|0x0000000084a00000, 0x0000000084a00000, 0x0000000084b00000|  0%| F|  |TAMS 0x0000000084a00000, 0x0000000084a00000| Untracked 
|  75|0x0000000084b00000, 0x0000000084b00000, 0x0000000084c00000|  0%| F|  |TAMS 0x0000000084b00000, 0x0000000084b00000| Untracked 
|  76|0x0000000084c00000, 0x0000000084c00000, 0x0000000084d00000|  0%| F|  |TAMS 0x0000000084c00000, 0x0000000084c00000| Untracked 
|  77|0x0000000084d00000, 0x0000000084d00000, 0x0000000084e00000|  0%| F|  |TAMS 0x0000000084d00000, 0x0000000084d00000| Untracked 
|  78|0x0000000084e00000, 0x0000000084e00000, 0x0000000084f00000|  0%| F|  |TAMS 0x0000000084e00000, 0x0000000084e00000| Untracked 
|  79|0x0000000084f00000, 0x0000000084f00000, 0x0000000085000000|  0%| F|  |TAMS 0x0000000084f00000, 0x0000000084f00000| Untracked 
|  80|0x0000000085000000, 0x0000000085000000, 0x0000000085100000|  0%| F|  |TAMS 0x0000000085000000, 0x0000000085000000| Untracked 
|  81|0x0000000085100000, 0x0000000085100000, 0x0000000085200000|  0%| F|  |TAMS 0x0000000085100000, 0x0000000085100000| Untracked 
|  82|0x0000000085200000, 0x0000000085200000, 0x0000000085300000|  0%| F|  |TAMS 0x0000000085200000, 0x0000000085200000| Untracked 
|  83|0x0000000085300000, 0x0000000085300000, 0x0000000085400000|  0%| F|  |TAMS 0x0000000085300000, 0x0000000085300000| Untracked 
|  84|0x0000000085400000, 0x0000000085400000, 0x0000000085500000|  0%| F|  |TAMS 0x0000000085400000, 0x0000000085400000| Untracked 
|  85|0x0000000085500000, 0x0000000085500000, 0x0000000085600000|  0%| F|  |TAMS 0x0000000085500000, 0x0000000085500000| Untracked 
|  86|0x0000000085600000, 0x0000000085600000, 0x0000000085700000|  0%| F|  |TAMS 0x0000000085600000, 0x0000000085600000| Untracked 
|  87|0x0000000085700000, 0x0000000085700000, 0x0000000085800000|  0%| F|  |TAMS 0x0000000085700000, 0x0000000085700000| Untracked 
|  88|0x0000000085800000, 0x0000000085800000, 0x0000000085900000|  0%| F|  |TAMS 0x0000000085800000, 0x0000000085800000| Untracked 
|  89|0x0000000085900000, 0x0000000085900000, 0x0000000085a00000|  0%| F|  |TAMS 0x0000000085900000, 0x0000000085900000| Untracked 
|  90|0x0000000085a00000, 0x0000000085a00000, 0x0000000085b00000|  0%| F|  |TAMS 0x0000000085a00000, 0x0000000085a00000| Untracked 
|  91|0x0000000085b00000, 0x0000000085b00000, 0x0000000085c00000|  0%| F|  |TAMS 0x0000000085b00000, 0x0000000085b00000| Untracked 
|  92|0x0000000085c00000, 0x0000000085c00000, 0x0000000085d00000|  0%| F|  |TAMS 0x0000000085c00000, 0x0000000085c00000| Untracked 
|  93|0x0000000085d00000, 0x0000000085d00000, 0x0000000085e00000|  0%| F|  |TAMS 0x0000000085d00000, 0x0000000085d00000| Untracked 
|  94|0x0000000085e00000, 0x0000000085e00000, 0x0000000085f00000|  0%| F|  |TAMS 0x0000000085e00000, 0x0000000085e00000| Untracked 
|  95|0x0000000085f00000, 0x0000000085f00000, 0x0000000086000000|  0%| F|  |TAMS 0x0000000085f00000, 0x0000000085f00000| Untracked 
|  96|0x0000000086000000, 0x0000000086000000, 0x0000000086100000|  0%| F|  |TAMS 0x0000000086000000, 0x0000000086000000| Untracked 
|  97|0x0000000086100000, 0x0000000086100000, 0x0000000086200000|  0%| F|  |TAMS 0x0000000086100000, 0x0000000086100000| Untracked 
|  98|0x0000000086200000, 0x0000000086200000, 0x0000000086300000|  0%| F|  |TAMS 0x0000000086200000, 0x0000000086200000| Untracked 
|  99|0x0000000086300000, 0x0000000086300000, 0x0000000086400000|  0%| F|  |TAMS 0x0000000086300000, 0x0000000086300000| Untracked 
| 100|0x0000000086400000, 0x0000000086400000, 0x0000000086500000|  0%| F|  |TAMS 0x0000000086400000, 0x0000000086400000| Untracked 
| 101|0x0000000086500000, 0x0000000086500000, 0x0000000086600000|  0%| F|  |TAMS 0x0000000086500000, 0x0000000086500000| Untracked 
| 102|0x0000000086600000, 0x0000000086600000, 0x0000000086700000|  0%| F|  |TAMS 0x0000000086600000, 0x0000000086600000| Untracked 
| 103|0x0000000086700000, 0x0000000086700000, 0x0000000086800000|  0%| F|  |TAMS 0x0000000086700000, 0x0000000086700000| Untracked 
| 104|0x0000000086800000, 0x0000000086800000, 0x0000000086900000|  0%| F|  |TAMS 0x0000000086800000, 0x0000000086800000| Untracked 
| 105|0x0000000086900000, 0x0000000086900000, 0x0000000086a00000|  0%| F|  |TAMS 0x0000000086900000, 0x0000000086900000| Untracked 
| 106|0x0000000086a00000, 0x0000000086a00000, 0x0000000086b00000|  0%| F|  |TAMS 0x0000000086a00000, 0x0000000086a00000| Untracked 
| 107|0x0000000086b00000, 0x0000000086b00000, 0x0000000086c00000|  0%| F|  |TAMS 0x0000000086b00000, 0x0000000086b00000| Untracked 
| 108|0x0000000086c00000, 0x0000000086c00000, 0x0000000086d00000|  0%| F|  |TAMS 0x0000000086c00000, 0x0000000086c00000| Untracked 
| 109|0x0000000086d00000, 0x0000000086d00000, 0x0000000086e00000|  0%| F|  |TAMS 0x0000000086d00000, 0x0000000086d00000| Untracked 
| 110|0x0000000086e00000, 0x0000000086e00000, 0x0000000086f00000|  0%| F|  |TAMS 0x0000000086e00000, 0x0000000086e00000| Untracked 
| 111|0x0000000086f00000, 0x0000000086f00000, 0x0000000087000000|  0%| F|  |TAMS 0x0000000086f00000, 0x0000000086f00000| Untracked 
| 112|0x0000000087000000, 0x0000000087000000, 0x0000000087100000|  0%| F|  |TAMS 0x0000000087000000, 0x0000000087000000| Untracked 
| 113|0x0000000087100000, 0x0000000087100000, 0x0000000087200000|  0%| F|  |TAMS 0x0000000087100000, 0x0000000087100000| Untracked 
| 114|0x0000000087200000, 0x0000000087200000, 0x0000000087300000|  0%| F|  |TAMS 0x0000000087200000, 0x0000000087200000| Untracked 
| 115|0x0000000087300000, 0x0000000087300000, 0x0000000087400000|  0%| F|  |TAMS 0x0000000087300000, 0x0000000087300000| Untracked 
| 116|0x0000000087400000, 0x0000000087400000, 0x0000000087500000|  0%| F|  |TAMS 0x0000000087400000, 0x0000000087400000| Untracked 
| 117|0x0000000087500000, 0x0000000087500000, 0x0000000087600000|  0%| F|  |TAMS 0x0000000087500000, 0x0000000087500000| Untracked 
| 118|0x0000000087600000, 0x0000000087600000, 0x0000000087700000|  0%| F|  |TAMS 0x0000000087600000, 0x0000000087600000| Untracked 
| 119|0x0000000087700000, 0x0000000087700000, 0x0000000087800000|  0%| F|  |TAMS 0x0000000087700000, 0x0000000087700000| Untracked 
| 120|0x0000000087800000, 0x0000000087800000, 0x0000000087900000|  0%| F|  |TAMS 0x0000000087800000, 0x0000000087800000| Untracked 
| 121|0x0000000087900000, 0x0000000087900000, 0x0000000087a00000|  0%| F|  |TAMS 0x0000000087900000, 0x0000000087900000| Untracked 
| 122|0x0000000087a00000, 0x0000000087a00000, 0x0000000087b00000|  0%| F|  |TAMS 0x0000000087a00000, 0x0000000087a00000| Untracked 
| 123|0x0000000087b00000, 0x0000000087b00000, 0x0000000087c00000|  0%| F|  |TAMS 0x0000000087b00000, 0x0000000087b00000| Untracked 
| 124|0x0000000087c00000, 0x0000000087c00000, 0x0000000087d00000|  0%| F|  |TAMS 0x0000000087c00000, 0x0000000087c00000| Untracked 
| 125|0x0000000087d00000, 0x0000000087d00000, 0x0000000087e00000|  0%| F|  |TAMS 0x0000000087d00000, 0x0000000087d00000| Untracked 
| 126|0x0000000087e00000, 0x0000000087e823c8, 0x0000000087f00000| 50%| S|CS|TAMS 0x0000000087e00000, 0x0000000087e00000| Complete 
| 127|0x0000000087f00000, 0x0000000088000000, 0x0000000088000000|100%| S|CS|TAMS 0x0000000087f00000, 0x0000000087f00000| Complete 
| 128|0x0000000088000000, 0x0000000088100000, 0x0000000088100000|100%| S|CS|TAMS 0x0000000088000000, 0x0000000088000000| Complete 
| 129|0x0000000088100000, 0x0000000088200000, 0x0000000088200000|100%| S|CS|TAMS 0x0000000088100000, 0x0000000088100000| Complete 
| 130|0x0000000088200000, 0x0000000088300000, 0x0000000088300000|100%| S|CS|TAMS 0x0000000088200000, 0x0000000088200000| Complete 
| 131|0x0000000088300000, 0x0000000088400000, 0x0000000088400000|100%| S|CS|TAMS 0x0000000088300000, 0x0000000088300000| Complete 
| 132|0x0000000088400000, 0x0000000088400000, 0x0000000088500000|  0%| F|  |TAMS 0x0000000088400000, 0x0000000088400000| Untracked 
| 133|0x0000000088500000, 0x0000000088500000, 0x0000000088600000|  0%| F|  |TAMS 0x0000000088500000, 0x0000000088500000| Untracked 
| 134|0x0000000088600000, 0x0000000088600000, 0x0000000088700000|  0%| F|  |TAMS 0x0000000088600000, 0x0000000088600000| Untracked 
| 135|0x0000000088700000, 0x0000000088700000, 0x0000000088800000|  0%| F|  |TAMS 0x0000000088700000, 0x0000000088700000| Untracked 
| 136|0x0000000088800000, 0x0000000088800000, 0x0000000088900000|  0%| F|  |TAMS 0x0000000088800000, 0x0000000088800000| Untracked 
| 137|0x0000000088900000, 0x0000000088900000, 0x0000000088a00000|  0%| F|  |TAMS 0x0000000088900000, 0x0000000088900000| Untracked 
| 138|0x0000000088a00000, 0x0000000088a00000, 0x0000000088b00000|  0%| F|  |TAMS 0x0000000088a00000, 0x0000000088a00000| Untracked 
| 139|0x0000000088b00000, 0x0000000088b00000, 0x0000000088c00000|  0%| F|  |TAMS 0x0000000088b00000, 0x0000000088b00000| Untracked 
| 140|0x0000000088c00000, 0x0000000088c00000, 0x0000000088d00000|  0%| F|  |TAMS 0x0000000088c00000, 0x0000000088c00000| Untracked 
| 141|0x0000000088d00000, 0x0000000088d00000, 0x0000000088e00000|  0%| F|  |TAMS 0x0000000088d00000, 0x0000000088d00000| Untracked 
| 142|0x0000000088e00000, 0x0000000088f00000, 0x0000000088f00000|100%| E|  |TAMS 0x0000000088e00000, 0x0000000088e00000| Complete 
| 143|0x0000000088f00000, 0x0000000089000000, 0x0000000089000000|100%| E|CS|TAMS 0x0000000088f00000, 0x0000000088f00000| Complete 
| 144|0x0000000089000000, 0x0000000089100000, 0x0000000089100000|100%| E|CS|TAMS 0x0000000089000000, 0x0000000089000000| Complete 
| 145|0x0000000089100000, 0x0000000089200000, 0x0000000089200000|100%| E|CS|TAMS 0x0000000089100000, 0x0000000089100000| Complete 
| 146|0x0000000089200000, 0x0000000089300000, 0x0000000089300000|100%| E|CS|TAMS 0x0000000089200000, 0x0000000089200000| Complete 
| 147|0x0000000089300000, 0x0000000089400000, 0x0000000089400000|100%| E|CS|TAMS 0x0000000089300000, 0x0000000089300000| Complete 
| 148|0x0000000089400000, 0x0000000089500000, 0x0000000089500000|100%| E|CS|TAMS 0x0000000089400000, 0x0000000089400000| Complete 
| 149|0x0000000089500000, 0x0000000089600000, 0x0000000089600000|100%| E|CS|TAMS 0x0000000089500000, 0x0000000089500000| Complete 
| 150|0x0000000089600000, 0x0000000089700000, 0x0000000089700000|100%| E|CS|TAMS 0x0000000089600000, 0x0000000089600000| Complete 
| 151|0x0000000089700000, 0x0000000089800000, 0x0000000089800000|100%| E|CS|TAMS 0x0000000089700000, 0x0000000089700000| Complete 
| 152|0x0000000089800000, 0x0000000089900000, 0x0000000089900000|100%| E|CS|TAMS 0x0000000089800000, 0x0000000089800000| Complete 
| 153|0x0000000089900000, 0x0000000089a00000, 0x0000000089a00000|100%| E|CS|TAMS 0x0000000089900000, 0x0000000089900000| Complete 
| 154|0x0000000089a00000, 0x0000000089b00000, 0x0000000089b00000|100%| E|CS|TAMS 0x0000000089a00000, 0x0000000089a00000| Complete 
| 155|0x0000000089b00000, 0x0000000089c00000, 0x0000000089c00000|100%| E|CS|TAMS 0x0000000089b00000, 0x0000000089b00000| Complete 
| 156|0x0000000089c00000, 0x0000000089d00000, 0x0000000089d00000|100%| E|CS|TAMS 0x0000000089c00000, 0x0000000089c00000| Complete 
| 157|0x0000000089d00000, 0x0000000089e00000, 0x0000000089e00000|100%| E|CS|TAMS 0x0000000089d00000, 0x0000000089d00000| Complete 
| 158|0x0000000089e00000, 0x0000000089f00000, 0x0000000089f00000|100%| E|CS|TAMS 0x0000000089e00000, 0x0000000089e00000| Complete 
| 159|0x0000000089f00000, 0x000000008a000000, 0x000000008a000000|100%| E|CS|TAMS 0x0000000089f00000, 0x0000000089f00000| Complete 
| 160|0x000000008a000000, 0x000000008a100000, 0x000000008a100000|100%| E|CS|TAMS 0x000000008a000000, 0x000000008a000000| Complete 
| 161|0x000000008a100000, 0x000000008a200000, 0x000000008a200000|100%| E|CS|TAMS 0x000000008a100000, 0x000000008a100000| Complete 
| 162|0x000000008a200000, 0x000000008a300000, 0x000000008a300000|100%| E|CS|TAMS 0x000000008a200000, 0x000000008a200000| Complete 
| 163|0x000000008a300000, 0x000000008a400000, 0x000000008a400000|100%| E|CS|TAMS 0x000000008a300000, 0x000000008a300000| Complete 
| 164|0x000000008a400000, 0x000000008a500000, 0x000000008a500000|100%| E|CS|TAMS 0x000000008a400000, 0x000000008a400000| Complete 
| 165|0x000000008a500000, 0x000000008a600000, 0x000000008a600000|100%| E|CS|TAMS 0x000000008a500000, 0x000000008a500000| Complete 
| 166|0x000000008a600000, 0x000000008a700000, 0x000000008a700000|100%| E|CS|TAMS 0x000000008a600000, 0x000000008a600000| Complete 
| 167|0x000000008a700000, 0x000000008a800000, 0x000000008a800000|100%| E|CS|TAMS 0x000000008a700000, 0x000000008a700000| Complete 
| 168|0x000000008a800000, 0x000000008a900000, 0x000000008a900000|100%| E|CS|TAMS 0x000000008a800000, 0x000000008a800000| Complete 
| 169|0x000000008a900000, 0x000000008aa00000, 0x000000008aa00000|100%| E|CS|TAMS 0x000000008a900000, 0x000000008a900000| Complete 
| 170|0x000000008aa00000, 0x000000008ab00000, 0x000000008ab00000|100%| E|CS|TAMS 0x000000008aa00000, 0x000000008aa00000| Complete 
| 171|0x000000008ab00000, 0x000000008ac00000, 0x000000008ac00000|100%| E|CS|TAMS 0x000000008ab00000, 0x000000008ab00000| Complete 
| 172|0x000000008ac00000, 0x000000008ad00000, 0x000000008ad00000|100%| E|CS|TAMS 0x000000008ac00000, 0x000000008ac00000| Complete 
| 173|0x000000008ad00000, 0x000000008ae00000, 0x000000008ae00000|100%| E|CS|TAMS 0x000000008ad00000, 0x000000008ad00000| Complete 
| 174|0x000000008ae00000, 0x000000008af00000, 0x000000008af00000|100%| E|CS|TAMS 0x000000008ae00000, 0x000000008ae00000| Complete 
| 175|0x000000008af00000, 0x000000008b000000, 0x000000008b000000|100%| E|CS|TAMS 0x000000008af00000, 0x000000008af00000| Complete 
| 176|0x000000008b000000, 0x000000008b100000, 0x000000008b100000|100%| E|CS|TAMS 0x000000008b000000, 0x000000008b000000| Complete 
| 177|0x000000008b100000, 0x000000008b200000, 0x000000008b200000|100%| E|CS|TAMS 0x000000008b100000, 0x000000008b100000| Complete 
| 178|0x000000008b200000, 0x000000008b300000, 0x000000008b300000|100%| E|CS|TAMS 0x000000008b200000, 0x000000008b200000| Complete 
| 179|0x000000008b300000, 0x000000008b400000, 0x000000008b400000|100%| E|CS|TAMS 0x000000008b300000, 0x000000008b300000| Complete 
| 180|0x000000008b400000, 0x000000008b500000, 0x000000008b500000|100%| E|CS|TAMS 0x000000008b400000, 0x000000008b400000| Complete 
| 181|0x000000008b500000, 0x000000008b600000, 0x000000008b600000|100%| E|CS|TAMS 0x000000008b500000, 0x000000008b500000| Complete 
| 182|0x000000008b600000, 0x000000008b700000, 0x000000008b700000|100%| E|CS|TAMS 0x000000008b600000, 0x000000008b600000| Complete 
| 183|0x000000008b700000, 0x000000008b800000, 0x000000008b800000|100%| E|CS|TAMS 0x000000008b700000, 0x000000008b700000| Complete 
| 184|0x000000008b800000, 0x000000008b900000, 0x000000008b900000|100%| E|CS|TAMS 0x000000008b800000, 0x000000008b800000| Complete 
| 185|0x000000008b900000, 0x000000008ba00000, 0x000000008ba00000|100%| E|CS|TAMS 0x000000008b900000, 0x000000008b900000| Complete 
| 186|0x000000008ba00000, 0x000000008bb00000, 0x000000008bb00000|100%| E|CS|TAMS 0x000000008ba00000, 0x000000008ba00000| Complete 
| 187|0x000000008bb00000, 0x000000008bc00000, 0x000000008bc00000|100%| E|CS|TAMS 0x000000008bb00000, 0x000000008bb00000| Complete 
| 188|0x000000008bc00000, 0x000000008bd00000, 0x000000008bd00000|100%| E|CS|TAMS 0x000000008bc00000, 0x000000008bc00000| Complete 
| 189|0x000000008bd00000, 0x000000008be00000, 0x000000008be00000|100%| E|CS|TAMS 0x000000008bd00000, 0x000000008bd00000| Complete 
| 190|0x000000008be00000, 0x000000008bf00000, 0x000000008bf00000|100%| E|CS|TAMS 0x000000008be00000, 0x000000008be00000| Complete 
| 191|0x000000008bf00000, 0x000000008c000000, 0x000000008c000000|100%| E|CS|TAMS 0x000000008bf00000, 0x000000008bf00000| Complete 
| 192|0x000000008c000000, 0x000000008c100000, 0x000000008c100000|100%| E|CS|TAMS 0x000000008c000000, 0x000000008c000000| Complete 
| 193|0x000000008c100000, 0x000000008c200000, 0x000000008c200000|100%| E|CS|TAMS 0x000000008c100000, 0x000000008c100000| Complete 
| 194|0x000000008c200000, 0x000000008c300000, 0x000000008c300000|100%| E|CS|TAMS 0x000000008c200000, 0x000000008c200000| Complete 
| 195|0x000000008c300000, 0x000000008c400000, 0x000000008c400000|100%| E|CS|TAMS 0x000000008c300000, 0x000000008c300000| Complete 
| 196|0x000000008c400000, 0x000000008c500000, 0x000000008c500000|100%| E|CS|TAMS 0x000000008c400000, 0x000000008c400000| Complete 
| 197|0x000000008c500000, 0x000000008c600000, 0x000000008c600000|100%| E|CS|TAMS 0x000000008c500000, 0x000000008c500000| Complete 
| 198|0x000000008c600000, 0x000000008c700000, 0x000000008c700000|100%| E|CS|TAMS 0x000000008c600000, 0x000000008c600000| Complete 
| 199|0x000000008c700000, 0x000000008c800000, 0x000000008c800000|100%| E|CS|TAMS 0x000000008c700000, 0x000000008c700000| Complete 
| 200|0x000000008c800000, 0x000000008c900000, 0x000000008c900000|100%| E|CS|TAMS 0x000000008c800000, 0x000000008c800000| Complete 
| 201|0x000000008c900000, 0x000000008ca00000, 0x000000008ca00000|100%| E|CS|TAMS 0x000000008c900000, 0x000000008c900000| Complete 
| 202|0x000000008ca00000, 0x000000008cb00000, 0x000000008cb00000|100%| E|CS|TAMS 0x000000008ca00000, 0x000000008ca00000| Complete 
| 203|0x000000008cb00000, 0x000000008cc00000, 0x000000008cc00000|100%| E|CS|TAMS 0x000000008cb00000, 0x000000008cb00000| Complete 
| 204|0x000000008cc00000, 0x000000008cd00000, 0x000000008cd00000|100%| E|CS|TAMS 0x000000008cc00000, 0x000000008cc00000| Complete 
| 205|0x000000008cd00000, 0x000000008ce00000, 0x000000008ce00000|100%| E|  |TAMS 0x000000008cd00000, 0x000000008cd00000| Complete 
| 206|0x000000008ce00000, 0x000000008cf00000, 0x000000008cf00000|100%| E|CS|TAMS 0x000000008ce00000, 0x000000008ce00000| Complete 
| 207|0x000000008cf00000, 0x000000008d000000, 0x000000008d000000|100%| E|CS|TAMS 0x000000008cf00000, 0x000000008cf00000| Complete 
| 208|0x000000008d000000, 0x000000008d100000, 0x000000008d100000|100%| E|CS|TAMS 0x000000008d000000, 0x000000008d000000| Complete 
| 209|0x000000008d100000, 0x000000008d200000, 0x000000008d200000|100%| E|CS|TAMS 0x000000008d100000, 0x000000008d100000| Complete 
| 210|0x000000008d200000, 0x000000008d300000, 0x000000008d300000|100%| E|CS|TAMS 0x000000008d200000, 0x000000008d200000| Complete 
| 211|0x000000008d300000, 0x000000008d400000, 0x000000008d400000|100%| E|CS|TAMS 0x000000008d300000, 0x000000008d300000| Complete 
| 212|0x000000008d400000, 0x000000008d500000, 0x000000008d500000|100%| E|CS|TAMS 0x000000008d400000, 0x000000008d400000| Complete 
| 213|0x000000008d500000, 0x000000008d600000, 0x000000008d600000|100%| E|CS|TAMS 0x000000008d500000, 0x000000008d500000| Complete 
| 214|0x000000008d600000, 0x000000008d700000, 0x000000008d700000|100%| E|CS|TAMS 0x000000008d600000, 0x000000008d600000| Complete 
| 215|0x000000008d700000, 0x000000008d800000, 0x000000008d800000|100%| E|CS|TAMS 0x000000008d700000, 0x000000008d700000| Complete 
| 216|0x000000008d800000, 0x000000008d900000, 0x000000008d900000|100%| E|CS|TAMS 0x000000008d800000, 0x000000008d800000| Complete 
| 217|0x000000008d900000, 0x000000008da00000, 0x000000008da00000|100%| E|CS|TAMS 0x000000008d900000, 0x000000008d900000| Complete 
| 218|0x000000008da00000, 0x000000008db00000, 0x000000008db00000|100%| E|CS|TAMS 0x000000008da00000, 0x000000008da00000| Complete 
| 219|0x000000008db00000, 0x000000008dc00000, 0x000000008dc00000|100%| E|CS|TAMS 0x000000008db00000, 0x000000008db00000| Complete 
| 251|0x000000008fb00000, 0x000000008fc00000, 0x000000008fc00000|100%| E|CS|TAMS 0x000000008fb00000, 0x000000008fb00000| Complete 

Card table byte_map: [0x00000178f29a0000,0x00000178f2da0000] _byte_map_base: 0x00000178f25a0000

Marking Bits (Prev, Next): (CMBitMap*) 0x00000178eaa159e0, (CMBitMap*) 0x00000178eaa159a0
 Prev Bits: [0x00000178f51a0000, 0x00000178f71a0000)
 Next Bits: [0x00000178f31a0000, 0x00000178f51a0000)

Polling page: 0x00000178e88f0000

Metaspace:

Usage:
  Non-class:     61.38 MB used.
      Class:      9.78 MB used.
       Both:     71.16 MB used.

Virtual space:
  Non-class space:       64.00 MB reserved,      61.81 MB ( 97%) committed,  1 nodes.
      Class space:      416.00 MB reserved,      10.12 MB (  2%) committed,  1 nodes.
             Both:      480.00 MB reserved,      71.94 MB ( 15%) committed. 

Chunk freelists:
   Non-Class:  1.92 MB
       Class:  5.86 MB
        Both:  7.78 MB

MaxMetaspaceSize: 512.00 MB
CompressedClassSpaceSize: 416.00 MB
Initial GC threshold: 21.00 MB
Current GC threshold: 107.44 MB
CDS: on
MetaspaceReclaimPolicy: balanced
 - commit_granule_bytes: 65536.
 - commit_granule_words: 8192.
 - virtual_space_node_default_size: 8388608.
 - enlarge_chunks_in_place: 1.
 - new_chunks_are_fully_committed: 0.
 - uncommit_free_chunks: 1.
 - use_allocation_guard: 0.
 - handle_deallocations: 1.


Internal statistics:

num_allocs_failed_limit: 6.
num_arena_births: 858.
num_arena_deaths: 0.
num_vsnodes_births: 2.
num_vsnodes_deaths: 0.
num_space_committed: 1151.
num_space_uncommitted: 0.
num_chunks_returned_to_freelist: 6.
num_chunks_taken_from_freelist: 3899.
num_chunk_merges: 6.
num_chunk_splits: 2569.
num_chunks_enlarged: 1737.
num_inconsistent_stats: 0.

CodeHeap 'non-profiled nmethods': size=120000Kb used=5887Kb max_used=5887Kb free=114113Kb
 bounds [0x0000017887ad0000, 0x0000017888090000, 0x000001788f000000]
CodeHeap 'profiled nmethods': size=120000Kb used=16556Kb max_used=16556Kb free=103444Kb
 bounds [0x0000017880000000, 0x0000017881030000, 0x0000017887530000]
CodeHeap 'non-nmethods': size=5760Kb used=2386Kb max_used=2468Kb free=3373Kb
 bounds [0x0000017887530000, 0x00000178877b0000, 0x0000017887ad0000]
 total_blobs=9634 nmethods=8731 adapters=815
 compilation: enabled
              stopped_count=0, restarted_count=0
 full_count=0

Compilation events (20 events):
Event: 17.813 Thread 0x00000178f9c13670 nmethod 10190 0x000001788101ac10 code [0x000001788101ae60, 0x000001788101b928]
Event: 17.813 Thread 0x00000178f9c13670 10191       1       org.codehaus.groovy.runtime.metaclass.NewStaticMetaMethod::isStatic (2 bytes)
Event: 17.813 Thread 0x00000178f9c13670 nmethod 10191 0x000001788808e410 code [0x000001788808e5a0, 0x000001788808e678]
Event: 17.814 Thread 0x00000178f9c13670 10192       3       java.util.Collections$UnmodifiableCollection::isEmpty (10 bytes)
Event: 17.814 Thread 0x00000178f9c13670 nmethod 10192 0x000001788101bd90 code [0x000001788101bf40, 0x000001788101c108]
Event: 17.814 Thread 0x00000178f9c13670 10193       3       java.util.HashSet::toArray (18 bytes)
Event: 17.815 Thread 0x00000178f9c13670 nmethod 10193 0x000001788101c210 code [0x000001788101c3c0, 0x000001788101c6c8]
Event: 17.817 Thread 0x00000178f9c13670 10194       3       org.gradle.internal.metaobject.DynamicInvokeResult::found (19 bytes)
Event: 17.817 Thread 0x00000178f9c13670 nmethod 10194 0x000001788101c790 code [0x000001788101c940, 0x000001788101cc58]
Event: 17.817 Thread 0x00000178f9c13670 10195       3       org.codehaus.groovy.runtime.callsite.AbstractCallSite::<init> (35 bytes)
Event: 17.817 Thread 0x00000178f9c13670 nmethod 10195 0x000001788101cd90 code [0x000001788101cf40, 0x000001788101d3f8]
Event: 17.817 Thread 0x00000178f9c13670 10196       1       groovy.lang.Closure::getDelegate (5 bytes)
Event: 17.817 Thread 0x00000178f9c13670 nmethod 10196 0x000001788808e710 code [0x000001788808e8a0, 0x000001788808e978]
Event: 18.171 Thread 0x00000178f9c13670 10197       1       java.util.stream.FindOps$FindOp::getOpFlags (5 bytes)
Event: 18.171 Thread 0x00000178f9c13670 nmethod 10197 0x000001788808ea10 code [0x000001788808eba0, 0x000001788808ec78]
Event: 18.171 Thread 0x00000178f9c13670 10198       3       sun.management.spi.PlatformMBeanProvider$PlatformComponent::getMBeans (87 bytes)
Event: 18.172 Thread 0x00000178f9c13670 nmethod 10198 0x000001788101d590 code [0x000001788101d900, 0x000001788101efb8]
Event: 18.172 Thread 0x00000178f9c13670 10199       3       java.lang.management.ManagementFactory$$Lambda$68/0x0000017890073c28::apply (12 bytes)
Event: 18.172 Thread 0x00000178f9c13670 nmethod 10199 0x000001788101f690 code [0x000001788101f860, 0x000001788101fc78]
Event: 18.172 Thread 0x00000178f9c13670 10200       3       java.lang.management.ManagementFactory::lambda$getPlatformMXBeans$3 (13 bytes)

GC Heap History (20 events):
Event: 11.388 GC heap before
{Heap before GC invocations=21 (full 0):
 garbage-first heap   total 89088K, used 61978K [0x0000000080000000, 0x0000000100000000)
  region size 1024K, 6 young (6144K), 1 survivors (1024K)
 Metaspace       used 48942K, committed 49472K, reserved 491520K
  class space    used 6791K, committed 7040K, reserved 425984K
}
Event: 11.389 GC heap after
{Heap after GC invocations=22 (full 0):
 garbage-first heap   total 131072K, used 57998K [0x0000000080000000, 0x0000000100000000)
  region size 1024K, 1 young (1024K), 1 survivors (1024K)
 Metaspace       used 48942K, committed 49472K, reserved 491520K
  class space    used 6791K, committed 7040K, reserved 425984K
}
Event: 12.013 GC heap before
{Heap before GC invocations=22 (full 0):
 garbage-first heap   total 131072K, used 98958K [0x0000000080000000, 0x0000000100000000)
  region size 1024K, 41 young (41984K), 1 survivors (1024K)
 Metaspace       used 53107K, committed 53760K, reserved 491520K
  class space    used 7267K, committed 7552K, reserved 425984K
}
Event: 12.015 GC heap after
{Heap after GC invocations=23 (full 0):
 garbage-first heap   total 131072K, used 60121K [0x0000000080000000, 0x0000000100000000)
  region size 1024K, 2 young (2048K), 2 survivors (2048K)
 Metaspace       used 53107K, committed 53760K, reserved 491520K
  class space    used 7267K, committed 7552K, reserved 425984K
}
Event: 12.692 GC heap before
{Heap before GC invocations=23 (full 0):
 garbage-first heap   total 131072K, used 102105K [0x0000000080000000, 0x0000000100000000)
  region size 1024K, 43 young (44032K), 2 survivors (2048K)
 Metaspace       used 57877K, committed 58496K, reserved 491520K
  class space    used 7862K, committed 8128K, reserved 425984K
}
Event: 12.697 GC heap after
{Heap after GC invocations=24 (full 0):
 garbage-first heap   total 131072K, used 62713K [0x0000000080000000, 0x0000000100000000)
  region size 1024K, 5 young (5120K), 5 survivors (5120K)
 Metaspace       used 57877K, committed 58496K, reserved 491520K
  class space    used 7862K, committed 8128K, reserved 425984K
}
Event: 12.802 GC heap before
{Heap before GC invocations=24 (full 0):
 garbage-first heap   total 131072K, used 64761K [0x0000000080000000, 0x0000000100000000)
  region size 1024K, 8 young (8192K), 5 survivors (5120K)
 Metaspace       used 58388K, committed 59008K, reserved 491520K
  class space    used 7917K, committed 8192K, reserved 425984K
}
Event: 12.805 GC heap after
{Heap after GC invocations=25 (full 0):
 garbage-first heap   total 131072K, used 63225K [0x0000000080000000, 0x0000000100000000)
  region size 1024K, 4 young (4096K), 4 survivors (4096K)
 Metaspace       used 58388K, committed 59008K, reserved 491520K
  class space    used 7917K, committed 8192K, reserved 425984K
}
Event: 13.260 GC heap before
{Heap before GC invocations=26 (full 0):
 garbage-first heap   total 132096K, used 106233K [0x0000000080000000, 0x0000000100000000)
  region size 1024K, 41 young (41984K), 4 survivors (4096K)
 Metaspace       used 60399K, committed 60992K, reserved 491520K
  class space    used 8207K, committed 8512K, reserved 425984K
}
Event: 13.265 GC heap after
{Heap after GC invocations=27 (full 0):
 garbage-first heap   total 132096K, used 67333K [0x0000000080000000, 0x0000000100000000)
  region size 1024K, 6 young (6144K), 6 survivors (6144K)
 Metaspace       used 60399K, committed 60992K, reserved 491520K
  class space    used 8207K, committed 8512K, reserved 425984K
}
Event: 13.282 GC heap before
{Heap before GC invocations=27 (full 0):
 garbage-first heap   total 132096K, used 68357K [0x0000000080000000, 0x0000000100000000)
  region size 1024K, 7 young (7168K), 6 survivors (6144K)
 Metaspace       used 60486K, committed 61120K, reserved 491520K
  class space    used 8217K, committed 8512K, reserved 425984K
}
Event: 13.287 GC heap after
{Heap after GC invocations=28 (full 0):
 garbage-first heap   total 132096K, used 67837K [0x0000000080000000, 0x0000000100000000)
  region size 1024K, 1 young (1024K), 1 survivors (1024K)
 Metaspace       used 60486K, committed 61120K, reserved 491520K
  class space    used 8217K, committed 8512K, reserved 425984K
}
Event: 13.756 GC heap before
{Heap before GC invocations=28 (full 0):
 garbage-first heap   total 132096K, used 103677K [0x0000000080000000, 0x0000000100000000)
  region size 1024K, 36 young (36864K), 1 survivors (1024K)
 Metaspace       used 62425K, committed 63040K, reserved 491520K
  class space    used 8480K, committed 8768K, reserved 425984K
}
Event: 13.758 GC heap after
{Heap after GC invocations=29 (full 0):
 garbage-first heap   total 132096K, used 69268K [0x0000000080000000, 0x0000000100000000)
  region size 1024K, 3 young (3072K), 3 survivors (3072K)
 Metaspace       used 62425K, committed 63040K, reserved 491520K
  class space    used 8480K, committed 8768K, reserved 425984K
}
Event: 14.075 GC heap before
{Heap before GC invocations=30 (full 0):
 garbage-first heap   total 132096K, used 105108K [0x0000000080000000, 0x0000000100000000)
  region size 1024K, 38 young (38912K), 3 survivors (3072K)
 Metaspace       used 62641K, committed 63232K, reserved 491520K
  class space    used 8505K, committed 8768K, reserved 425984K
}
Event: 14.079 GC heap after
{Heap after GC invocations=31 (full 0):
 garbage-first heap   total 132096K, used 71996K [0x0000000080000000, 0x0000000100000000)
  region size 1024K, 5 young (5120K), 5 survivors (5120K)
 Metaspace       used 62641K, committed 63232K, reserved 491520K
  class space    used 8505K, committed 8768K, reserved 425984K
}
Event: 14.620 GC heap before
{Heap before GC invocations=31 (full 0):
 garbage-first heap   total 132096K, used 106812K [0x0000000080000000, 0x0000000100000000)
  region size 1024K, 39 young (39936K), 5 survivors (5120K)
 Metaspace       used 65160K, committed 65856K, reserved 491520K
  class space    used 8846K, committed 9152K, reserved 425984K
}
Event: 14.624 GC heap after
{Heap after GC invocations=32 (full 0):
 garbage-first heap   total 226304K, used 73837K [0x0000000080000000, 0x0000000100000000)
  region size 1024K, 2 young (2048K), 2 survivors (2048K)
 Metaspace       used 65160K, committed 65856K, reserved 491520K
  class space    used 8846K, committed 9152K, reserved 425984K
}
Event: 16.262 GC heap before
{Heap before GC invocations=33 (full 0):
 garbage-first heap   total 226304K, used 165997K [0x0000000080000000, 0x0000000100000000)
  region size 1024K, 91 young (93184K), 2 survivors (2048K)
 Metaspace       used 72231K, committed 72896K, reserved 491520K
  class space    used 9946K, committed 10240K, reserved 425984K
}
Event: 16.267 GC heap after
{Heap after GC invocations=34 (full 0):
 garbage-first heap   total 226304K, used 77501K [0x0000000080000000, 0x0000000100000000)
  region size 1024K, 6 young (6144K), 6 survivors (6144K)
 Metaspace       used 72231K, committed 72896K, reserved 491520K
  class space    used 9946K, committed 10240K, reserved 425984K
}

Deoptimization events (20 events):
Event: 16.257 Thread 0x00000178aac2d580 Uncommon trap: trap_request=0xffffffc6 fr.pc=0x0000017887e5d8dc relative=0x000000000000223c
Event: 16.257 Thread 0x00000178aac2d580 Uncommon trap: reason=bimorphic_or_optimized_type_check action=maybe_recompile pc=0x0000017887e5d8dc method=com.google.common.base.Equivalence$Equals.doEquivalent(Ljava/lang/Object;Ljava/lang/Object;)Z @ 2 c2
Event: 16.257 Thread 0x00000178aac2d580 DEOPT PACKING pc=0x0000017887e5d8dc sp=0x0000001df04f8990
Event: 16.257 Thread 0x00000178aac2d580 DEOPT UNPACKING pc=0x0000017887585ba3 sp=0x0000001df04f87e0 mode 2
Event: 16.302 Thread 0x00000178aac2dfa0 Uncommon trap: trap_request=0xffffff45 fr.pc=0x0000017887cb6954 relative=0x0000000000001074
Event: 16.302 Thread 0x00000178aac2dfa0 Uncommon trap: reason=unstable_if action=reinterpret pc=0x0000017887cb6954 method=java.util.concurrent.locks.AbstractQueuedSynchronizer.acquire(Ljava/util/concurrent/locks/AbstractQueuedSynchronizer$Node;IZZZJ)I @ 83 c2
Event: 16.302 Thread 0x00000178aac2dfa0 DEOPT PACKING pc=0x0000017887cb6954 sp=0x0000001df0afeea0
Event: 16.302 Thread 0x00000178aac2dfa0 DEOPT UNPACKING pc=0x0000017887585ba3 sp=0x0000001df0afee40 mode 2
Event: 16.412 Thread 0x00000178ad2aada0 DEOPT PACKING pc=0x00000178806ed314 sp=0x0000001df39fc590
Event: 16.412 Thread 0x00000178ad2aada0 DEOPT UNPACKING pc=0x00000178875866e3 sp=0x0000001df39fba28 mode 0
Event: 16.666 Thread 0x00000178ad2aa890 Uncommon trap: trap_request=0xffffff76 fr.pc=0x000001788807168c relative=0x0000000000001bac
Event: 16.666 Thread 0x00000178ad2aa890 Uncommon trap: reason=predicate action=maybe_recompile pc=0x000001788807168c method=java.util.TimSort.reverseRange([Ljava/lang/Object;II)V @ 5 c2
Event: 16.666 Thread 0x00000178ad2aa890 DEOPT PACKING pc=0x000001788807168c sp=0x0000001df3bfd270
Event: 16.666 Thread 0x00000178ad2aa890 DEOPT UNPACKING pc=0x0000017887585ba3 sp=0x0000001df3bfd0c8 mode 2
Event: 16.709 Thread 0x00000178aac2d580 Uncommon trap: trap_request=0xffffff76 fr.pc=0x00000178880606c8 relative=0x00000000000005a8
Event: 16.710 Thread 0x00000178aac2d580 Uncommon trap: reason=predicate action=maybe_recompile pc=0x00000178880606c8 method=java.util.TimSort.binarySort([Ljava/lang/Object;IIILjava/util/Comparator;)V @ 34 c2
Event: 16.710 Thread 0x00000178aac2d580 DEOPT PACKING pc=0x00000178880606c8 sp=0x0000001df04f9030
Event: 16.710 Thread 0x00000178aac2d580 DEOPT UNPACKING pc=0x0000017887585ba3 sp=0x0000001df04f8fe0 mode 2
Event: 17.163 Thread 0x00000178aac2d580 DEOPT PACKING pc=0x0000017880d05044 sp=0x0000001df04f8990
Event: 17.163 Thread 0x00000178aac2d580 DEOPT UNPACKING pc=0x00000178875866e3 sp=0x0000001df04f7f30 mode 0

Classes unloaded (0 events):
No events

Classes redefined (0 events):
No events

Internal exceptions (20 events):
Event: 17.122 Thread 0x00000178aac2d580 Exception <a 'java/lang/ClassNotFoundException'{0x0000000089f7b680}: org/gradle/api/internal/tasks/DefaultTaskCollectionBeanInfo> (0x0000000089f7b680) 
thrown [s\open\src\hotspot\share\classfile\systemDictionary.cpp, line 256]
Event: 17.123 Thread 0x00000178aac2d580 Exception <a 'java/lang/ClassNotFoundException'{0x0000000089f90120}: org/gradle/api/internal/tasks/DefaultTaskCollectionCustomizer> (0x0000000089f90120) 
thrown [s\open\src\hotspot\share\classfile\systemDictionary.cpp, line 256]
Event: 17.125 Thread 0x00000178aac2d580 Exception <a 'java/lang/ClassNotFoundException'{0x0000000089fd8508}: org/gradle/api/internal/tasks/DefaultTaskContainerCustomizer> (0x0000000089fd8508) 
thrown [s\open\src\hotspot\share\classfile\systemDictionary.cpp, line 256]
Event: 17.129 Thread 0x00000178aac2d580 Exception <a 'java/lang/ClassNotFoundException'{0x0000000089e3fca0}: org/gradle/api/internal/tasks/DefaultTaskContainer_DecoratedCustomizer> (0x0000000089e3fca0) 
thrown [s\open\src\hotspot\share\classfile\systemDictionary.cpp, line 256]
Event: 17.146 Thread 0x00000178aac2d580 Exception <a 'java/lang/ClassNotFoundException'{0x0000000089cc2fb8}: org/gradle/api/internal/tasks/DefaultRealizableTaskCollection_DecoratedBeanInfo> (0x0000000089cc2fb8) 
thrown [s\open\src\hotspot\share\classfile\systemDictionary.cpp, line 256]
Event: 17.146 Thread 0x00000178aac2d580 Exception <a 'java/lang/ClassNotFoundException'{0x0000000089cd75c0}: org/gradle/api/internal/tasks/DefaultRealizableTaskCollectionBeanInfo> (0x0000000089cd75c0) 
thrown [s\open\src\hotspot\share\classfile\systemDictionary.cpp, line 256]
Event: 17.147 Thread 0x00000178aac2d580 Exception <a 'java/lang/ClassNotFoundException'{0x0000000089cebee0}: org/gradle/api/internal/DelegatingNamedDomainObjectSetBeanInfo> (0x0000000089cebee0) 
thrown [s\open\src\hotspot\share\classfile\systemDictionary.cpp, line 256]
Event: 17.148 Thread 0x00000178aac2d580 Exception <a 'java/lang/ClassNotFoundException'{0x0000000089b00c40}: org/gradle/api/internal/DelegatingDomainObjectSetBeanInfo> (0x0000000089b00c40) 
thrown [s\open\src\hotspot\share\classfile\systemDictionary.cpp, line 256]
Event: 17.149 Thread 0x00000178aac2d580 Exception <a 'java/lang/ClassNotFoundException'{0x0000000089b15750}: org/gradle/api/internal/DelegatingDomainObjectSetCustomizer> (0x0000000089b15750) 
thrown [s\open\src\hotspot\share\classfile\systemDictionary.cpp, line 256]
Event: 17.153 Thread 0x00000178aac2d580 Exception <a 'java/lang/ClassNotFoundException'{0x0000000089b48d40}: org/gradle/api/internal/DelegatingNamedDomainObjectSetCustomizer> (0x0000000089b48d40) 
thrown [s\open\src\hotspot\share\classfile\systemDictionary.cpp, line 256]
Event: 17.156 Thread 0x00000178aac2d580 Exception <a 'java/lang/ClassNotFoundException'{0x0000000089b86cb8}: org/gradle/api/internal/tasks/DefaultRealizableTaskCollectionCustomizer> (0x0000000089b86cb8) 
thrown [s\open\src\hotspot\share\classfile\systemDictionary.cpp, line 256]
Event: 17.159 Thread 0x00000178aac2d580 Exception <a 'java/lang/ClassNotFoundException'{0x0000000089bcbbc0}: org/gradle/api/internal/tasks/DefaultRealizableTaskCollection_DecoratedCustomizer> (0x0000000089bcbbc0) 
thrown [s\open\src\hotspot\share\classfile\systemDictionary.cpp, line 256]
Event: 17.315 Thread 0x00000178aac2d580 Exception <a 'java/lang/ClassNotFoundException'{0x00000000892128a0}: com/android/build/gradle/LibraryExtension_DecoratedBeanInfo> (0x00000000892128a0) 
thrown [s\open\src\hotspot\share\classfile\systemDictionary.cpp, line 256]
Event: 17.316 Thread 0x00000178aac2d580 Exception <a 'java/lang/ClassNotFoundException'{0x000000008921fe30}: com/android/build/gradle/LibraryExtensionBeanInfo> (0x000000008921fe30) 
thrown [s\open\src\hotspot\share\classfile\systemDictionary.cpp, line 256]
Event: 17.316 Thread 0x00000178aac2d580 Exception <a 'java/lang/ClassNotFoundException'{0x000000008922d398}: com/android/build/gradle/LibraryExtensionCustomizer> (0x000000008922d398) 
thrown [s\open\src\hotspot\share\classfile\systemDictionary.cpp, line 256]
Event: 17.323 Thread 0x00000178aac2d580 Exception <a 'java/lang/ClassNotFoundException'{0x000000008910dcd0}: com/android/build/gradle/LibraryExtension_DecoratedCustomizer> (0x000000008910dcd0) 
thrown [s\open\src\hotspot\share\classfile\systemDictionary.cpp, line 256]
Event: 17.813 Thread 0x00000178aac2d580 Exception <a 'java/lang/ClassNotFoundException'{0x0000000089048960}: build_4q4inr0koux1tktvj9wn57sf$_run_closure3$_closure7BeanInfo> (0x0000000089048960) 
thrown [s\open\src\hotspot\share\classfile\systemDictionary.cpp, line 256]
Event: 17.814 Thread 0x00000178aac2d580 Exception <a 'java/lang/ClassNotFoundException'{0x0000000089055420}: build_4q4inr0koux1tktvj9wn57sf$_run_closure3$_closure7Customizer> (0x0000000089055420) 
thrown [s\open\src\hotspot\share\classfile\systemDictionary.cpp, line 256]
Event: 17.816 Thread 0x00000178aac2d580 Exception <a 'java/lang/ClassNotFoundException'{0x000000008907f700}: build_4q4inr0koux1tktvj9wn57sf$_run_closure3BeanInfo> (0x000000008907f700) 
thrown [s\open\src\hotspot\share\classfile\systemDictionary.cpp, line 256]
Event: 17.816 Thread 0x00000178aac2d580 Exception <a 'java/lang/ClassNotFoundException'{0x000000008908cfb0}: build_4q4inr0koux1tktvj9wn57sf$_run_closure3Customizer> (0x000000008908cfb0) 
thrown [s\open\src\hotspot\share\classfile\systemDictionary.cpp, line 256]

VM Operations (20 events):
Event: 14.619 Executing VM operation: G1CollectForAllocation
Event: 14.629 Executing VM operation: G1CollectForAllocation done
Event: 14.681 Executing VM operation: G1Concurrent
Event: 14.685 Executing VM operation: G1Concurrent done
Event: 14.712 Executing VM operation: G1Concurrent
Event: 14.712 Executing VM operation: G1Concurrent done
Event: 14.760 Executing VM operation: HandshakeAllThreads
Event: 14.761 Executing VM operation: HandshakeAllThreads done
Event: 14.785 Executing VM operation: HandshakeAllThreads
Event: 14.785 Executing VM operation: HandshakeAllThreads done
Event: 15.789 Executing VM operation: Cleanup
Event: 15.789 Executing VM operation: Cleanup done
Event: 16.196 Executing VM operation: ICBufferFull
Event: 16.196 Executing VM operation: ICBufferFull done
Event: 16.262 Executing VM operation: G1CollectForAllocation
Event: 16.267 Executing VM operation: G1CollectForAllocation done
Event: 16.633 Executing VM operation: ICBufferFull
Event: 16.633 Executing VM operation: ICBufferFull done
Event: 17.634 Executing VM operation: Cleanup
Event: 17.634 Executing VM operation: Cleanup done

Events (20 events):
Event: 14.797 Thread 0x00000178f9c13f80 flushing nmethod 0x0000017880e65a10
Event: 14.797 Thread 0x00000178f9c13f80 flushing nmethod 0x0000017880efc510
Event: 14.798 Thread 0x00000178f9c13f80 flushing nmethod 0x0000017880f5cb10
Event: 14.821 loading class sun/reflect/generics/repository/FieldRepository
Event: 14.821 loading class sun/reflect/generics/repository/FieldRepository done
Event: 14.837 loading class jdk/internal/vm/annotation/ForceInline
Event: 14.837 loading class jdk/internal/vm/annotation/ForceInline done
Event: 14.903 loading class java/util/regex/Pattern$Caret
Event: 14.904 loading class java/util/regex/Pattern$Caret done
Event: 16.272 loading class jdk/internal/misc/ScopedMemoryAccess$Scope$Handle
Event: 16.272 loading class jdk/internal/misc/ScopedMemoryAccess$Scope$Handle done
Event: 16.284 Thread 0x00000178ab0f93a0 Thread added: 0x00000178ab0f93a0
Event: 16.284 Thread 0x00000178ad2acc00 Thread added: 0x00000178ad2acc00
Event: 16.285 Thread 0x00000178ad2abcd0 Thread added: 0x00000178ad2abcd0
Event: 16.285 Thread 0x00000178ad2a9e70 Thread added: 0x00000178ad2a9e70
Event: 16.285 Thread 0x00000178ad2aada0 Thread added: 0x00000178ad2aada0
Event: 16.286 Thread 0x00000178ad2aa380 Thread added: 0x00000178ad2aa380
Event: 16.286 Thread 0x00000178ad2aa890 Thread added: 0x00000178ad2aa890
Event: 17.126 loading class sun/reflect/generics/tree/LongSignature
Event: 17.126 loading class sun/reflect/generics/tree/LongSignature done


Dynamic libraries:
0x00007ff627150000 - 0x00007ff627160000 	C:\Program Files\Java\jdk-17\bin\java.exe
0x00007fff187c0000 - 0x00007fff18a28000 	C:\WINDOWS\SYSTEM32\ntdll.dll
0x00007fff16880000 - 0x00007fff16949000 	C:\WINDOWS\System32\KERNEL32.DLL
0x00007fff15a40000 - 0x00007fff15e38000 	C:\WINDOWS\System32\KERNELBASE.dll
0x00007fff16050000 - 0x00007fff1619b000 	C:\WINDOWS\System32\ucrtbase.dll
0x00007ffef8650000 - 0x00007ffef8669000 	C:\Program Files\Java\jdk-17\bin\jli.dll
0x00007fff167c0000 - 0x00007fff16874000 	C:\WINDOWS\System32\ADVAPI32.dll
0x00007fff18630000 - 0x00007fff186d9000 	C:\WINDOWS\System32\msvcrt.dll
0x00007fff16a70000 - 0x00007fff16b16000 	C:\WINDOWS\System32\sechost.dll
0x00007ffef1cc0000 - 0x00007ffef1cdb000 	C:\Program Files\Java\jdk-17\bin\VCRUNTIME140.dll
0x00007fff16950000 - 0x00007fff16a68000 	C:\WINDOWS\System32\RPCRT4.dll
0x00007fff16b20000 - 0x00007fff16ce7000 	C:\WINDOWS\System32\USER32.dll
0x00007fff16530000 - 0x00007fff16557000 	C:\WINDOWS\System32\win32u.dll
0x00007fff17570000 - 0x00007fff1759b000 	C:\WINDOWS\System32\GDI32.dll
0x00007ffefd850000 - 0x00007ffefdae4000 	C:\WINDOWS\WinSxS\amd64_microsoft.windows.common-controls_6595b64144ccf1df_6.0.26100.7019_none_3e06ffa0e335b8a8\COMCTL32.dll
0x00007fff15910000 - 0x00007fff15a3c000 	C:\WINDOWS\System32\gdi32full.dll
0x00007fff161a0000 - 0x00007fff16243000 	C:\WINDOWS\System32\msvcp_win.dll
0x00007fff028c0000 - 0x00007fff028cb000 	C:\WINDOWS\SYSTEM32\VERSION.dll
0x00007fff16cf0000 - 0x00007fff16d21000 	C:\WINDOWS\System32\IMM32.DLL
0x00007fff04bc0000 - 0x00007fff04bcc000 	C:\Program Files\Java\jdk-17\bin\vcruntime140_1.dll
0x00007ffee33d0000 - 0x00007ffee345e000 	C:\Program Files\Java\jdk-17\bin\msvcp140.dll
0x00007ffe7a140000 - 0x00007ffe7ad20000 	C:\Program Files\Java\jdk-17\bin\server\jvm.dll
0x00007fff18770000 - 0x00007fff18778000 	C:\WINDOWS\System32\PSAPI.DLL
0x00007ffeff750000 - 0x00007ffeff785000 	C:\WINDOWS\SYSTEM32\WINMM.dll
0x00007ffeffb30000 - 0x00007ffeffb3a000 	C:\WINDOWS\SYSTEM32\WSOCK32.dll
0x00007fff186e0000 - 0x00007fff18754000 	C:\WINDOWS\System32\WS2_32.dll
0x00007fff146d0000 - 0x00007fff146eb000 	C:\WINDOWS\SYSTEM32\kernel.appcore.dll
0x00007ffeff010000 - 0x00007ffeff01a000 	C:\Program Files\Java\jdk-17\bin\jimage.dll
0x00007fff12ba0000 - 0x00007fff12de2000 	C:\WINDOWS\SYSTEM32\DBGHELP.DLL
0x00007fff17dc0000 - 0x00007fff1814b000 	C:\WINDOWS\System32\combase.dll
0x00007fff17c50000 - 0x00007fff17d27000 	C:\WINDOWS\System32\OLEAUT32.dll
0x00007ffef3d00000 - 0x00007ffef3d3c000 	C:\WINDOWS\SYSTEM32\dbgcore.DLL
0x00007fff16250000 - 0x00007fff162f5000 	C:\WINDOWS\System32\bcryptPrimitives.dll
0x00007ffefef30000 - 0x00007ffefef3e000 	C:\Program Files\Java\jdk-17\bin\instrument.dll
0x00007ffef1c40000 - 0x00007ffef1c65000 	C:\Program Files\Java\jdk-17\bin\java.dll
0x00007ffeea9b0000 - 0x00007ffeeaa87000 	C:\Program Files\Java\jdk-17\bin\jsvml.dll
0x00007fff16db0000 - 0x00007fff17501000 	C:\WINDOWS\System32\SHELL32.dll
0x00007fff163c0000 - 0x00007fff1652b000 	C:\WINDOWS\System32\wintypes.dll
0x00007fff13550000 - 0x00007fff13dad000 	C:\WINDOWS\SYSTEM32\windows.storage.dll
0x00007fff17b50000 - 0x00007fff17c42000 	C:\WINDOWS\System32\SHCORE.dll
0x00007fff17d30000 - 0x00007fff17d97000 	C:\WINDOWS\System32\shlwapi.dll
0x00007fff15830000 - 0x00007fff15859000 	C:\WINDOWS\SYSTEM32\profapi.dll
0x00007ffeff020000 - 0x00007ffeff038000 	C:\Program Files\Java\jdk-17\bin\zip.dll
0x00007ffefeeb0000 - 0x00007ffefeec9000 	C:\Program Files\Java\jdk-17\bin\net.dll
0x00007fff0b8b0000 - 0x00007fff0b9d8000 	C:\WINDOWS\SYSTEM32\WINHTTP.dll
0x00007fff14c40000 - 0x00007fff14cab000 	C:\WINDOWS\system32\mswsock.dll
0x00007ffefd140000 - 0x00007ffefd156000 	C:\Program Files\Java\jdk-17\bin\nio.dll
0x00007fff0d330000 - 0x00007fff0d340000 	C:\Program Files\Java\jdk-17\bin\verify.dll
0x00007ffed8e20000 - 0x00007ffed8e47000 	C:\Users\Admin\.gradle\native\c067742578af261105cb4f569cf0c3c89f3d7b1fecec35dd04571415982c5e48\windows-amd64\native-platform.dll
0x00007ffeb29f0000 - 0x00007ffeb2b34000 	C:\Users\Admin\.gradle\native\100fb08df4bc3b14c8652ba06237920a3bd2aa13389f12d3474272988ae205f9\windows-amd64\native-platform-file-events.dll
0x00007fff05030000 - 0x00007fff0503a000 	C:\Program Files\Java\jdk-17\bin\management.dll
0x00007fff04f50000 - 0x00007fff04f5b000 	C:\Program Files\Java\jdk-17\bin\management_ext.dll
0x00007fff14f00000 - 0x00007fff14f1b000 	C:\WINDOWS\SYSTEM32\CRYPTSP.dll
0x00007fff14630000 - 0x00007fff1466a000 	C:\WINDOWS\system32\rsaenh.dll
0x00007fff14cf0000 - 0x00007fff14d1b000 	C:\WINDOWS\SYSTEM32\USERENV.dll
0x00007fff15800000 - 0x00007fff1582a000 	C:\WINDOWS\SYSTEM32\bcrypt.dll
0x00007fff14f20000 - 0x00007fff14f2c000 	C:\WINDOWS\SYSTEM32\CRYPTBASE.dll
0x00007fff14190000 - 0x00007fff141c4000 	C:\WINDOWS\SYSTEM32\IPHLPAPI.DLL
0x00007fff17db0000 - 0x00007fff17dba000 	C:\WINDOWS\System32\NSI.dll
0x00007fff0bb80000 - 0x00007fff0bb9e000 	C:\WINDOWS\SYSTEM32\dhcpcsvc6.DLL
0x00007fff0bb50000 - 0x00007fff0bb73000 	C:\WINDOWS\SYSTEM32\dhcpcsvc.DLL
0x00007fff14270000 - 0x00007fff1439c000 	C:\WINDOWS\SYSTEM32\DNSAPI.dll
0x00007ffefd240000 - 0x00007ffefd24e000 	C:\Program Files\Java\jdk-17\bin\sunmscapi.dll
0x00007fff15ed0000 - 0x00007fff16047000 	C:\WINDOWS\System32\CRYPT32.dll
0x00007fff15120000 - 0x00007fff15150000 	C:\WINDOWS\SYSTEM32\ncrypt.dll
0x00007fff150d0000 - 0x00007fff1510f000 	C:\WINDOWS\SYSTEM32\NTASN1.dll
0x00007ffe7e7d0000 - 0x00007ffe7e7d8000 	C:\WINDOWS\system32\wshunix.dll

dbghelp: loaded successfully - version: 4.0.5 - missing functions: none
symbol engine: initialized successfully - sym options: 0x614 - pdb path: .;C:\Program Files\Java\jdk-17\bin;C:\WINDOWS\SYSTEM32;C:\WINDOWS\WinSxS\amd64_microsoft.windows.common-controls_6595b64144ccf1df_6.0.26100.7019_none_3e06ffa0e335b8a8;C:\Program Files\Java\jdk-17\bin\server;C:\Users\Admin\.gradle\native\c067742578af261105cb4f569cf0c3c89f3d7b1fecec35dd04571415982c5e48\windows-amd64;C:\Users\Admin\.gradle\native\100fb08df4bc3b14c8652ba06237920a3bd2aa13389f12d3474272988ae205f9\windows-amd64

VM Arguments:
jvm_args: --add-opens=java.base/java.lang=ALL-UNNAMED --add-opens=java.base/java.lang.invoke=ALL-UNNAMED --add-opens=java.base/java.util=ALL-UNNAMED --add-opens=java.prefs/java.util.prefs=ALL-UNNAMED --add-exports=jdk.compiler/com.sun.tools.javac.api=ALL-UNNAMED --add-exports=jdk.compiler/com.sun.tools.javac.util=ALL-UNNAMED --add-opens=java.base/java.util=ALL-UNNAMED --add-opens=java.prefs/java.util.prefs=ALL-UNNAMED --add-opens=java.base/java.nio.charset=ALL-UNNAMED --add-opens=java.base/java.net=ALL-UNNAMED --add-opens=java.base/java.util.concurrent.atomic=ALL-UNNAMED --add-opens=java.xml/javax.xml.namespace=ALL-UNNAMED -XX:MaxMetaspaceSize=512m -Xmx2048m -Dfile.encoding=UTF-8 -Duser.country=IN -Duser.language=en -Duser.variant -javaagent:C:\Users\Admin\.gradle\wrapper\dists\gradle-8.11.1-all\2qik7nd48slq1ooc2496ixf4i\gradle-8.11.1\lib\agents\gradle-instrumentation-agent-8.11.1.jar 
java_command: org.gradle.launcher.daemon.bootstrap.GradleDaemon 8.11.1
java_class_path (initial): C:\Users\Admin\.gradle\wrapper\dists\gradle-8.11.1-all\2qik7nd48slq1ooc2496ixf4i\gradle-8.11.1\lib\gradle-daemon-main-8.11.1.jar
Launcher Type: SUN_STANDARD

[Global flags]
     intx CICompilerCount                          = 4                                         {product} {ergonomic}
   size_t CompressedClassSpaceSize                 = 436207616                                 {product} {ergonomic}
     uint ConcGCThreads                            = 2                                         {product} {ergonomic}
     uint G1ConcRefinementThreads                  = 8                                         {product} {ergonomic}
   size_t G1HeapRegionSize                         = 1048576                                   {product} {ergonomic}
    uintx GCDrainStackTargetSize                   = 64                                        {product} {ergonomic}
   size_t InitialHeapSize                          = 264241152                                 {product} {ergonomic}
   size_t MarkStackSize                            = 4194304                                   {product} {ergonomic}
   size_t MaxHeapSize                              = 2147483648                                {product} {command line}
   size_t MaxMetaspaceSize                         = 536870912                                 {product} {command line}
   size_t MaxNewSize                               = 1287651328                                {product} {ergonomic}
   size_t MinHeapDeltaBytes                        = 1048576                                   {product} {ergonomic}
   size_t MinHeapSize                              = 8388608                                   {product} {ergonomic}
    uintx NonNMethodCodeHeapSize                   = 5839372                                {pd product} {ergonomic}
    uintx NonProfiledCodeHeapSize                  = 122909434                              {pd product} {ergonomic}
    uintx ProfiledCodeHeapSize                     = 122909434                              {pd product} {ergonomic}
    uintx ReservedCodeCacheSize                    = 251658240                              {pd product} {ergonomic}
     bool SegmentedCodeCache                       = true                                      {product} {ergonomic}
   size_t SoftMaxHeapSize                          = 2147483648                             {manageable} {ergonomic}
     bool UseCompressedClassPointers               = true                           {product lp64_product} {ergonomic}
     bool UseCompressedOops                        = true                           {product lp64_product} {ergonomic}
     bool UseG1GC                                  = true                                      {product} {ergonomic}
     bool UseLargePagesIndividualAllocation        = false                                  {pd product} {ergonomic}

Logging:
Log output configuration:
 #0: stdout all=warning uptime,level,tags
 #1: stderr all=off uptime,level,tags

Environment Variables:
JAVA_HOME=C:\Program Files\Java\jdk-17
CLASSPATH=C:\mysql-connector-j-9.0.0
PATH=C:\apache-maven-3.6.0\apache-maven-3.6.0\bin;C:\Program Files\Common Files\Oracle\Java\javapath;C:\Program Files (x86)\Common Files\Oracle\Java\java8path;C:\Program Files (x86)\Common Files\Oracle\Java\javapath;C:\WINDOWS\system32;C:\WINDOWS;C:\WINDOWS\System32\Wbem;C:\WINDOWS\System32\WindowsPowerShell\v1.0\;C:\WINDOWS\System32\OpenSSH\;C:\Program Files\nodejs\;C:\ProgramData\chocolatey\bin;C:\Program Files\Java\jdk-17\bin;C:\Program Files\Git\cmd;C:\Program Files\MySQL\MySQL Shell 8.0\bin\;C:\Users\Admin\AppData\Local\Microsoft\WindowsApps;C:\Program Files\Java\jre1.8.0_241\bin;C:\Users\Admin\AppData\Local\Programs\Microsoft VS Code\bin;C:\Users\Admin\AppData\Roaming\npm;C:\Users\Admin\AppData\Local\Programs\Windsurf\bin;C:\Program Files\sf\bin;C:\Users\Admin\AppData\Local\Programs\Qoder\bin;C:\Program Files\MySQL\MySQL Shell 8.0\bin\;C:\Users\Admin\AppData\Local\Microsoft\WindowsApps;C:\Program Files\Java\jre1.8.0_241\bin;C:\Users\Admin\AppData\Local\Programs\Microsoft VS Code\bin;C:\Users\Admin\AppData\Roaming\npm;C:\Users\Admin\AppData\Local\Programs\Windsurf\bin;C:\Program Files\sf\bin;C:\Users\Admin\AppData\Local\Programs\Qoder\bin
USERNAME=Admin
OS=Windows_NT
PROCESSOR_IDENTIFIER=Intel64 Family 6 Model 140 Stepping 1, GenuineIntel



---------------  S Y S T E M  ---------------

OS:
 Windows 11 , 64 bit Build 26100 (10.0.26100.7019)
OS uptime: 1 days 21:20 hours

CPU: total 8 (initial active 8) (4 cores per cpu, 2 threads per core) family 6 model 140 stepping 1 microcode 0xac, cx8, cmov, fxsr, ht, mmx, 3dnowpref, sse, sse2, sse3, ssse3, sse4.1, sse4.2, popcnt, lzcnt, tsc, tscinvbit, avx, avx2, erms, clmul, bmi1, bmi2, adx, avx512f, avx512dq, avx512cd, avx512bw, avx512vl, sha, fma, vzeroupper, avx512_vpopcntdq, avx512_vpclmulqdq, avx512_vnni, clflush, clflushopt, clwb, avx512_vbmi2, avx512_vbmi

Memory: 4k page, system-wide physical 16118M (1834M free)
TotalPageFile size 46522M (AvailPageFile size 51M)
current process WorkingSet (physical memory assigned to process): 473M, peak: 475M
current process commit charge ("private bytes"): 536M, peak: 537M

vm_info: Java HotSpot(TM) 64-Bit Server VM (17.0.12+8-LTS-286) for windows-amd64 JRE (17.0.12+8-LTS-286), built on Jun  5 2024 06:46:59 by "mach5one" with MS VC++ 17.6 (VS2022)

END.
